stm32wbxx_ll_system.h:2221:26:LL_FLASH_GetUDN	4	static
stm32wbxx_ll_system.h:2233:26:LL_FLASH_GetDeviceID	4	static
stm32wbxx_ll_system.h:2245:26:LL_FLASH_GetSTCompanyID	4	static
app_ble.c:272:6:APP_BLE_Init	64	static
app_ble.c:398:28:SVCCTL_App_Notification	56	static
app_ble.c:657:22:APP_BLE_Get_Server_Connection_Status	4	static
app_ble.c:663:6:APP_BLE_Key_Button1_Action	8	static
app_ble.c:668:6:APP_BLE_Key_Button2_Action	8	static
app_ble.c:685:13:Ble_Tl_Init	16	static
app_ble.c:696:13:Ble_Hci_Gap_Gatt_Init	80	static
app_ble.c:832:13:Adv_Request	56	static
app_ble.c:917:16:BleGetBdAddress	32	static
app_ble.c:974:13:Adv_Cancel	16	static
app_ble.c:1006:13:Adv_Cancel_Req	8	static
app_ble.c:1018:13:Switch_OFF_GPIO	8	static
app_ble.c:1077:6:hci_notify_asynch_evt	16	static
app_ble.c:1083:6:hci_cmd_resp_release	16	static
app_ble.c:1089:6:hci_cmd_resp_wait	16	static
app_ble.c:1095:13:BLE_UserEvtRx	24	static
app_ble.c:1113:13:BLE_StatusNot	24	static
app_ble.c:1144:6:SVCCTL_ResumeUserEventFlow	8	static
