stm32wbxx_ll_system.h:2221:26:LL_FLASH_GetUDN	4	static
stm32wbxx_ll_system.h:2233:26:LL_FLASH_GetDeviceID	4	static
stm32wbxx_ll_system.h:2245:26:LL_FLASH_GetSTCompanyID	4	static
app_ble.c:272:6:APP_BLE_Init	64	static
app_ble.c:393:28:SVCCTL_App_Notification	56	static
app_ble.c:615:22:APP_BLE_Get_Server_Connection_Status	4	static
app_ble.c:620:6:APP_BLE_Key_Button1_Action	8	static
app_ble.c:624:6:APP_BLE_Key_Button2_Action	8	static
app_ble.c:638:13:Ble_Tl_Init	16	static
app_ble.c:649:13:Ble_Hci_Gap_Gatt_Init	80	static
app_ble.c:785:13:Adv_Request	56	static
app_ble.c:863:16:BleGetBdAddress	32	static
app_ble.c:920:13:Adv_Cancel	16	static
app_ble.c:949:13:Adv_Cancel_Req	8	static
app_ble.c:961:13:Switch_OFF_GPIO	8	static
app_ble.c:968:6:BLE_SVC_L2CAP_Conn_Update	48	static
app_ble.c:1002:13:Connection_Interval_Update_Req	8	static
app_ble.c:1020:6:hci_notify_asynch_evt	16	static
app_ble.c:1026:6:hci_cmd_resp_release	16	static
app_ble.c:1032:6:hci_cmd_resp_wait	16	static
app_ble.c:1038:13:BLE_UserEvtRx	24	static
app_ble.c:1056:13:BLE_StatusNot	24	static
app_ble.c:1087:6:SVCCTL_ResumeUserEventFlow	8	static
