stm32wbxx_ll_system.h:2221:26:LL_FLASH_GetUDN	4	static
stm32wbxx_ll_system.h:2233:26:LL_FLASH_GetDeviceID	4	static
stm32wbxx_ll_system.h:2245:26:LL_FLASH_GetSTCompanyID	4	static
app_ble.c:370:6:APP_BLE_Init	64	static
app_ble.c:496:28:SVCCTL_App_Notification	56	static
app_ble.c:755:22:APP_BLE_Get_Server_Connection_Status	4	static
app_ble.c:761:6:APP_BLE_Key_Button1_Action	8	static
app_ble.c:766:6:APP_BLE_Key_Button2_Action	8	static
app_ble.c:775:6:APP_BLE_Key_Button3_Action	4	static
app_ble.c:785:13:Ble_Tl_Init	16	static
app_ble.c:796:13:Ble_Hci_Gap_Gatt_Init	80	static
app_ble.c:932:13:Adv_Request	56	static
app_ble.c:1017:16:BleGetBdAddress	32	static
app_ble.c:1074:13:Adv_Cancel	16	static
app_ble.c:1106:13:Adv_Cancel_Req	8	static
app_ble.c:1118:13:Switch_OFF_GPIO	8	static
app_ble.c:1125:6:BLE_SVC_L2CAP_Conn_Update	48	static
app_ble.c:1159:13:Connection_Interval_Update_Req	8	static
app_ble.c:1177:6:hci_notify_asynch_evt	16	static
app_ble.c:1183:6:hci_cmd_resp_release	16	static
app_ble.c:1189:6:hci_cmd_resp_wait	16	static
app_ble.c:1195:13:BLE_UserEvtRx	24	static
app_ble.c:1213:13:BLE_StatusNot	24	static
app_ble.c:1244:6:SVCCTL_ResumeUserEventFlow	8	static
