svc_ctl.c:64:13:BAS_Init	4	static
svc_ctl.c:69:13:BLS_Init	4	static
svc_ctl.c:73:13:CRS_STM_Init	4	static
svc_ctl.c:77:13:DIS_Init	4	static
svc_ctl.c:81:13:EDS_STM_Init	4	static
svc_ctl.c:85:13:HIDS_Init	4	static
svc_ctl.c:89:13:HRS_Init	4	static
svc_ctl.c:93:13:HTS_Init	4	static
svc_ctl.c:97:13:IAS_Init	4	static
svc_ctl.c:101:13:LLS_Init	4	static
svc_ctl.c:105:13:TPS_Init	4	static
svc_ctl.c:109:13:MOTENV_STM_Init	4	static
svc_ctl.c:113:13:P2PS_STM_Init	4	static
svc_ctl.c:117:13:OTAS_STM_Init	4	static
svc_ctl.c:121:13:MESH_Init	4	static
svc_ctl.c:125:13:BVOPUS_STM_Init	4	static
svc_ctl.c:129:13:SVCCTL_InitCustomSvc	4	static
svc_ctl.c:136:6:SVCCTL_Init	8	static
svc_ctl.c:153:13:SVCCTL_SvcInit	8	static
svc_ctl.c:197:6:SVCCTL_RegisterSvcHandler	16	static
svc_ctl.c:214:6:SVCCTL_RegisterCltHandler	16	static
svc_ctl.c:226:28:SVCCTL_UserEvtRx	32	static
