stm32wbxx_ll_pwr.h:1664:22:LL_C2_PWR_SetPowerMode	16	static
stm32wbxx_ll_rcc.h:2331:22:LL_RCC_SetClkAfterWakeFromStop	16	static
app_entry.c:82:6:APPE_Init	8	static
app_entry.c:131:13:SystemPower_Config	8	static
app_entry.c:153:13:appe_Tl_Init	40	static
app_entry.c:178:13:APPE_SysStatusNot	16	static
app_entry.c:193:13:APPE_SysUserEvtRx	16	static
app_entry.c:205:13:Led_Init	8	static
app_entry.c:222:13:Button_Init	8	static
app_entry.c:243:6:UTIL_SEQ_Idle	8	static
app_entry.c:258:6:UTIL_SEQ_EvtIdle	16	static
app_entry.c:263:6:shci_notify_asynch_evt	16	static
app_entry.c:269:6:shci_cmd_resp_release	16	static
app_entry.c:275:6:shci_cmd_resp_wait	16	static
app_entry.c:282:6:HAL_GPIO_EXTI_Callback	16	static
