stm32wbxx_ll_pwr.h:1415:22:LL_PWR_SMPS_Enable	4	static
stm32wbxx_ll_pwr.h:1457:22:LL_PWR_SMPS_SetStartupCurrent	16	static
stm32wbxx_ll_pwr.h:1504:22:LL_PWR_SMPS_SetOutputVoltageLevel	32	static
stm32wbxx_ll_exti.h:461:22:LL_EXTI_DisableIT_0_31	16	static
stm32wbxx_ll_exti.h:530:22:LL_EXTI_DisableIT_32_63	16	static
stm32wbxx_ll_rcc.h:1347:22:LL_RCC_HSE_SetCapacitorTuning	16	static
stm32wbxx_ll_rcc.h:1667:22:LL_RCC_LSE_SetDriveCapability	16	static
stm32wbxx_ll_rcc.h:2895:22:LL_RCC_ForceBackupDomainReset	4	static
stm32wbxx_ll_rcc.h:2905:22:LL_RCC_ReleaseBackupDomainReset	4	static
stm32wbxx_ll_rcc.h:4051:26:LL_RCC_IsActiveFlag_PINRST	4	static
stm32wbxx_ll_rcc.h:4061:26:LL_RCC_IsActiveFlag_SFTRST	4	static
stm32wbxx_ll_bus.h:365:22:LL_AHB1_GRP1_EnableClock	24	static
stm32wbxx_ll_bus.h:540:22:LL_AHB2_GRP1_EnableClock	24	static
stm32wbxx_ll_bus.h:745:22:LL_AHB3_GRP1_EnableClock	24	static
stm32wbxx_ll_ipcc.h:313:22:LL_C1_IPCC_DisableTransmitChannel	16	static
stm32wbxx_ll_ipcc.h:382:22:LL_C1_IPCC_DisableReceiveChannel	16	static
stm32wbxx_ll_ipcc.h:451:22:LL_C2_IPCC_DisableTransmitChannel	16	static
stm32wbxx_ll_ipcc.h:520:22:LL_C2_IPCC_DisableReceiveChannel	16	static
stm32wbxx_ll_ipcc.h:575:22:LL_C1_IPCC_ClearFlag_CHx	16	static
stm32wbxx_ll_ipcc.h:646:22:LL_C2_IPCC_ClearFlag_CHx	16	static
stm32wbxx_ll_cortex.h:310:22:LL_LPM_EnableSleep	4	static
stm32wbxx_ll_rtc.h:1033:22:LL_RTC_EnableWriteProtection	16	static
stm32wbxx_ll_rtc.h:1044:22:LL_RTC_DisableWriteProtection	16	static
stm32wbxx_ll_rtc.h:3002:22:LL_RTC_WAKEUP_SetClock	16	static
main.c:110:5:main	8	static
main.c:185:6:SystemClock_Config	192	static
main.c:266:13:MX_IPCC_Init	8	static
main.c:292:6:MX_LPUART1_UART_Init	8	static
main.c:340:6:MX_USART1_UART_Init	8	static
main.c:388:13:MX_RF_Init	4	static
main.c:409:13:MX_RTC_Init	72	static
main.c:506:13:MX_SPI1_Init	8	static
main.c:544:13:MX_DMA_Init	8	static
main.c:567:13:MX_GPIO_Init	32	static
main.c:599:6:PeriphClock_Config	4	static
main.c:652:13:Config_HSE	16	static
main.c:669:13:Reset_Device	8	static
main.c:680:13:Reset_IPCC	8	static
main.c:717:13:Reset_BackupDomain	8	static
main.c:736:13:Init_Exti	8	static
main.c:750:6:HAL_Delay	24	static,ignoring_inline_asm
main.c:779:6:HAL_RTCEx_Tamper3EventCallback	16	static
main.c:790:6:Error_Handler	4	static
