stm32wbxx_it.c:79:6:NMI_Handler	4	static
stm32wbxx_it.c:92:6:HardFault_Handler	4	static
stm32wbxx_it.c:107:6:MemManage_Handler	4	static
stm32wbxx_it.c:122:6:BusFault_Handler	4	static
stm32wbxx_it.c:137:6:UsageFault_Handler	4	static
stm32wbxx_it.c:152:6:SVC_Handler	4	static
stm32wbxx_it.c:165:6:DebugMon_Handler	4	static
stm32wbxx_it.c:178:6:PendSV_Handler	4	static
stm32wbxx_it.c:191:6:SysTick_Handler	8	static
stm32wbxx_it.c:212:6:EXTI0_IRQHandler	8	static
stm32wbxx_it.c:226:6:DMA1_Channel4_IRQHandler	8	static
stm32wbxx_it.c:240:6:USART1_IRQHandler	8	static
stm32wbxx_it.c:254:6:LPUART1_IRQHandler	8	static
stm32wbxx_it.c:268:6:IPCC_C1_RX_IRQHandler	8	static
stm32wbxx_it.c:282:6:IPCC_C1_TX_IRQHandler	8	static
stm32wbxx_it.c:296:6:HSEM_IRQHandler	8	static
stm32wbxx_it.c:310:6:DMA2_Channel4_IRQHandler	8	static
stm32wbxx_it.c:328:6:EXTI4_IRQHandler	8	static
stm32wbxx_it.c:339:6:PUSH_BUTTON_SW2_EXTI_IRQHandler	8	static
stm32wbxx_it.c:344:6:RTC_WKUP_IRQHandler	8	static
stm32wbxx_it.c:352:6:TAMP_STAMP_LSECSS_IRQHandler	8	static
