stm32wbxx_ll_pwr.h:1415:22:LL_PWR_SMPS_Enable	4	static
stm32wbxx_ll_pwr.h:1457:22:LL_PWR_SMPS_SetStartupCurrent	16	static
stm32wbxx_ll_pwr.h:1504:22:LL_PWR_SMPS_SetOutputVoltageLevel	32	static
stm32wbxx_ll_exti.h:461:22:LL_EXTI_DisableIT_0_31	16	static
stm32wbxx_ll_exti.h:530:22:LL_EXTI_DisableIT_32_63	16	static
stm32wbxx_ll_rcc.h:1347:22:LL_RCC_HSE_SetCapacitorTuning	16	static
stm32wbxx_ll_rcc.h:1667:22:LL_RCC_LSE_SetDriveCapability	16	static
stm32wbxx_ll_rcc.h:4091:22:LL_RCC_ClearResetFlags	4	static
stm32wbxx_ll_bus.h:365:22:LL_AHB1_GRP1_EnableClock	24	static
stm32wbxx_ll_bus.h:540:22:LL_AHB2_GRP1_EnableClock	24	static
stm32wbxx_ll_cortex.h:310:22:LL_LPM_EnableSleep	4	static
stm32wbxx_ll_rtc.h:1033:22:LL_RTC_EnableWriteProtection	16	static
stm32wbxx_ll_rtc.h:1044:22:LL_RTC_DisableWriteProtection	16	static
stm32wbxx_ll_rtc.h:3002:22:LL_RTC_WAKEUP_SetClock	16	static
main.c:110:5:main	8	static
main.c:175:6:SystemClock_Config	192	static
main.c:256:13:MX_IPCC_Init	8	static
main.c:282:6:MX_LPUART1_UART_Init	8	static
main.c:330:6:MX_USART1_UART_Init	8	static
main.c:378:13:MX_RF_Init	4	static
main.c:399:13:MX_RTC_Init	32	static
main.c:499:13:MX_SPI1_Init	8	static
main.c:537:13:MX_DMA_Init	8	static
main.c:560:13:MX_GPIO_Init	32	static
main.c:611:6:PeriphClock_Config	4	static
main.c:664:13:Config_HSE	16	static
main.c:681:13:Reset_Device	4	static
main.c:748:13:Init_Exti	8	static
main.c:762:6:HAL_Delay	24	static,ignoring_inline_asm
main.c:796:6:Error_Handler	4	static
