Archive member included to satisfy reference by file (symbol)

c:/st/stm32cubeide_1.6.0/stm32cubeide/plugins/com.st.stm32cube.ide.mcu.externaltools.gnu-tools-for-stm32.9-2020-q2-update.win32_1.5.0.202011040924/tools/bin/../lib/gcc/arm-none-eabi/9.3.1/../../../../arm-none-eabi/lib/thumb/v7e-m+fp/hard\libc_nano.a(lib_a-errno.o)
                              Application/User/Core/syscalls.o (__errno)
c:/st/stm32cubeide_1.6.0/stm32cubeide/plugins/com.st.stm32cube.ide.mcu.externaltools.gnu-tools-for-stm32.9-2020-q2-update.win32_1.5.0.202011040924/tools/bin/../lib/gcc/arm-none-eabi/9.3.1/../../../../arm-none-eabi/lib/thumb/v7e-m+fp/hard\libc_nano.a(lib_a-exit.o)
                              c:/st/stm32cubeide_1.6.0/stm32cubeide/plugins/com.st.stm32cube.ide.mcu.externaltools.gnu-tools-for-stm32.9-2020-q2-update.win32_1.5.0.202011040924/tools/bin/../lib/gcc/arm-none-eabi/9.3.1/../../../../arm-none-eabi/lib/thumb/v7e-m+fp/hard/crt0.o (exit)
c:/st/stm32cubeide_1.6.0/stm32cubeide/plugins/com.st.stm32cube.ide.mcu.externaltools.gnu-tools-for-stm32.9-2020-q2-update.win32_1.5.0.202011040924/tools/bin/../lib/gcc/arm-none-eabi/9.3.1/../../../../arm-none-eabi/lib/thumb/v7e-m+fp/hard\libc_nano.a(lib_a-impure.o)
                              c:/st/stm32cubeide_1.6.0/stm32cubeide/plugins/com.st.stm32cube.ide.mcu.externaltools.gnu-tools-for-stm32.9-2020-q2-update.win32_1.5.0.202011040924/tools/bin/../lib/gcc/arm-none-eabi/9.3.1/../../../../arm-none-eabi/lib/thumb/v7e-m+fp/hard\libc_nano.a(lib_a-exit.o) (_global_impure_ptr)
c:/st/stm32cubeide_1.6.0/stm32cubeide/plugins/com.st.stm32cube.ide.mcu.externaltools.gnu-tools-for-stm32.9-2020-q2-update.win32_1.5.0.202011040924/tools/bin/../lib/gcc/arm-none-eabi/9.3.1/../../../../arm-none-eabi/lib/thumb/v7e-m+fp/hard\libc_nano.a(lib_a-init.o)
                              c:/st/stm32cubeide_1.6.0/stm32cubeide/plugins/com.st.stm32cube.ide.mcu.externaltools.gnu-tools-for-stm32.9-2020-q2-update.win32_1.5.0.202011040924/tools/bin/../lib/gcc/arm-none-eabi/9.3.1/../../../../arm-none-eabi/lib/thumb/v7e-m+fp/hard/crt0.o (__libc_init_array)
c:/st/stm32cubeide_1.6.0/stm32cubeide/plugins/com.st.stm32cube.ide.mcu.externaltools.gnu-tools-for-stm32.9-2020-q2-update.win32_1.5.0.202011040924/tools/bin/../lib/gcc/arm-none-eabi/9.3.1/../../../../arm-none-eabi/lib/thumb/v7e-m+fp/hard\libc_nano.a(lib_a-memcmp.o)
                              Middlewares/STM32_WPAN/osal.o (memcmp)
c:/st/stm32cubeide_1.6.0/stm32cubeide/plugins/com.st.stm32cube.ide.mcu.externaltools.gnu-tools-for-stm32.9-2020-q2-update.win32_1.5.0.202011040924/tools/bin/../lib/gcc/arm-none-eabi/9.3.1/../../../../arm-none-eabi/lib/thumb/v7e-m+fp/hard\libc_nano.a(lib_a-memcpy-stub.o)
                              Middlewares/STM32_WPAN/hci_tl.o (memcpy)
c:/st/stm32cubeide_1.6.0/stm32cubeide/plugins/com.st.stm32cube.ide.mcu.externaltools.gnu-tools-for-stm32.9-2020-q2-update.win32_1.5.0.202011040924/tools/bin/../lib/gcc/arm-none-eabi/9.3.1/../../../../arm-none-eabi/lib/thumb/v7e-m+fp/hard\libc_nano.a(lib_a-memset.o)
                              c:/st/stm32cubeide_1.6.0/stm32cubeide/plugins/com.st.stm32cube.ide.mcu.externaltools.gnu-tools-for-stm32.9-2020-q2-update.win32_1.5.0.202011040924/tools/bin/../lib/gcc/arm-none-eabi/9.3.1/../../../../arm-none-eabi/lib/thumb/v7e-m+fp/hard/crt0.o (memset)
c:/st/stm32cubeide_1.6.0/stm32cubeide/plugins/com.st.stm32cube.ide.mcu.externaltools.gnu-tools-for-stm32.9-2020-q2-update.win32_1.5.0.202011040924/tools/bin/../lib/gcc/arm-none-eabi/9.3.1/../../../../arm-none-eabi/lib/thumb/v7e-m+fp/hard\libc_nano.a(lib_a-printf.o)
                              Application/User/STM32_WPAN/App/app_ble.o (printf)
c:/st/stm32cubeide_1.6.0/stm32cubeide/plugins/com.st.stm32cube.ide.mcu.externaltools.gnu-tools-for-stm32.9-2020-q2-update.win32_1.5.0.202011040924/tools/bin/../lib/gcc/arm-none-eabi/9.3.1/../../../../arm-none-eabi/lib/thumb/v7e-m+fp/hard\libc_nano.a(lib_a-puts.o)
                              Application/User/STM32_WPAN/App/app_ble.o (puts)
c:/st/stm32cubeide_1.6.0/stm32cubeide/plugins/com.st.stm32cube.ide.mcu.externaltools.gnu-tools-for-stm32.9-2020-q2-update.win32_1.5.0.202011040924/tools/bin/../lib/gcc/arm-none-eabi/9.3.1/../../../../arm-none-eabi/lib/thumb/v7e-m+fp/hard\libc_nano.a(lib_a-strlen.o)
                              Application/User/STM32_WPAN/App/app_ble.o (strlen)
c:/st/stm32cubeide_1.6.0/stm32cubeide/plugins/com.st.stm32cube.ide.mcu.externaltools.gnu-tools-for-stm32.9-2020-q2-update.win32_1.5.0.202011040924/tools/bin/../lib/gcc/arm-none-eabi/9.3.1/../../../../arm-none-eabi/lib/thumb/v7e-m+fp/hard\libc_nano.a(lib_a-strrchr.o)
                              Middlewares/STM32_WPAN/dbg_trace.o (strrchr)
c:/st/stm32cubeide_1.6.0/stm32cubeide/plugins/com.st.stm32cube.ide.mcu.externaltools.gnu-tools-for-stm32.9-2020-q2-update.win32_1.5.0.202011040924/tools/bin/../lib/gcc/arm-none-eabi/9.3.1/../../../../arm-none-eabi/lib/thumb/v7e-m+fp/hard\libc_nano.a(lib_a-vprintf.o)
[...]
Memory Configuration

Name             Origin             Length             Attributes
FLASH            0x0000000008000000 0x0000000000080000 xr
RAM1             0x0000000020000004 0x000000000002fffc xrw
RAM_SHARED       0x0000000020030000 0x0000000000002800 xrw
*default*        0x0000000000000000 0xffffffffffffffff

Linker script and memory map

LOAD c:/st/stm32cubeide_1.6.0/stm32cubeide/plugins/com.st.stm32cube.ide.mcu.externaltools.gnu-tools-for-stm32.9-2020-q2-update.win32_1.5.0.202011040924/tools/bin/../lib/gcc/arm-none-eabi/9.3.1/thumb/v7e-m+fp/hard/crti.o
LOAD c:/st/stm32cubeide_1.6.0/stm32cubeide/plugins/com.st.stm32cube.ide.mcu.externaltools.gnu-tools-for-stm32.9-2020-q2-update.win32_1.5.0.202011040924/tools/bin/../lib/gcc/arm-none-eabi/9.3.1/thumb/v7e-m+fp/hard/crtbegin.o
LOAD c:/st/stm32cubeide_1.6.0/stm32cubeide/plugins/com.st.stm32cube.ide.mcu.externaltools.gnu-tools-for-stm32.9-2020-q2-update.win32_1.5.0.202011040924/tools/bin/../lib/gcc/arm-none-eabi/9.3.1/../../../../arm-none-eabi/lib/thumb/v7e-m+fp/hard/crt0.o
LOAD Application/User/Core/app_debug.o
LOAD Application/User/Core/app_entry.o
LOAD Application/User/Core/hw_timerserver.o
LOAD Application/User/Core/hw_uart.o
LOAD Application/User/Core/main.o
LOAD Application/User/Core/stm32_lpm_if.o
LOAD Application/User/Core/stm32wbxx_hal_msp.o
LOAD Application/User/Core/stm32wbxx_it.o
LOAD Application/User/Core/syscalls.o
LOAD Application/User/Core/sysmem.o
LOAD Application/User/STM32_WPAN/App/app_ble.o
LOAD Application/User/STM32_WPAN/App/p2p_server_app.o
LOAD Application/User/STM32_WPAN/Target/hw_ipcc.o
LOAD Application/User/Startup/startup_stm32wb55rgvx.o
LOAD Drivers/BSP/P-NUCLEO-WB55.Nucleo/stm32wbxx_nucleo.o
LOAD Drivers/CMSIS/system_stm32wbxx.o
LOAD Drivers/STM32WBxx_HAL_Driver/stm32wbxx_hal.o
LOAD Drivers/STM32WBxx_HAL_Driver/stm32wbxx_hal_cortex.o
LOAD Drivers/STM32WBxx_HAL_Driver/stm32wbxx_hal_dma.o
LOAD Drivers/STM32WBxx_HAL_Driver/stm32wbxx_hal_dma_ex.o
LOAD Drivers/STM32WBxx_HAL_Driver/stm32wbxx_hal_exti.o
LOAD Drivers/STM32WBxx_HAL_Driver/stm32wbxx_hal_flash.o
LOAD Drivers/STM32WBxx_HAL_Driver/stm32wbxx_hal_flash_ex.o
LOAD Drivers/STM32WBxx_HAL_Driver/stm32wbxx_hal_gpio.o
LOAD Drivers/STM32WBxx_HAL_Driver/stm32wbxx_hal_hsem.o
LOAD Drivers/STM32WBxx_HAL_Driver/stm32wbxx_hal_ipcc.o
LOAD Drivers/STM32WBxx_HAL_Driver/stm32wbxx_hal_pwr.o
LOAD Drivers/STM32WBxx_HAL_Driver/stm32wbxx_hal_pwr_ex.o
LOAD Drivers/STM32WBxx_HAL_Driver/stm32wbxx_hal_rcc.o
LOAD Drivers/STM32WBxx_HAL_Driver/stm32wbxx_hal_rcc_ex.o
LOAD Drivers/STM32WBxx_HAL_Driver/stm32wbxx_hal_rtc.o
LOAD Drivers/STM32WBxx_HAL_Driver/stm32wbxx_hal_rtc_ex.o
LOAD Drivers/STM32WBxx_HAL_Driver/stm32wbxx_hal_tim.o
LOAD Drivers/STM32WBxx_HAL_Driver/stm32wbxx_hal_tim_ex.o
LOAD Drivers/STM32WBxx_HAL_Driver/stm32wbxx_hal_uart.o
LOAD Drivers/STM32WBxx_HAL_Driver/stm32wbxx_hal_uart_ex.o
LOAD Middlewares/STM32_WPAN/ble_gap_aci.o
LOAD Middlewares/STM32_WPAN/ble_gatt_aci.o
LOAD Middlewares/STM32_WPAN/ble_hal_aci.o
LOAD Middlewares/STM32_WPAN/ble_hci_le.o
LOAD Middlewares/STM32_WPAN/ble_l2cap_aci.o
LOAD Middlewares/STM32_WPAN/dbg_trace.o
LOAD Middlewares/STM32_WPAN/hci_tl.o
LOAD Middlewares/STM32_WPAN/hci_tl_if.o
LOAD Middlewares/STM32_WPAN/osal.o
LOAD Middlewares/STM32_WPAN/otp.o
LOAD Middlewares/STM32_WPAN/p2p_stm.o
LOAD Middlewares/STM32_WPAN/shci.o
LOAD Middlewares/STM32_WPAN/shci_tl.o
LOAD Middlewares/STM32_WPAN/shci_tl_if.o
LOAD Middlewares/STM32_WPAN/stm_list.o
LOAD Middlewares/STM32_WPAN/stm_queue.o
LOAD Middlewares/STM32_WPAN/svc_ctl.o
LOAD Middlewares/STM32_WPAN/tl_mbox.o
LOAD Utilities/stm32_lpm.o
LOAD Utilities/stm32_seq.o
START GROUP
LOAD c:/st/stm32cubeide_1.6.0/stm32cubeide/plugins/com.st.stm32cube.ide.mcu.externaltools.gnu-tools-for-stm32.9-2020-q2-update.win32_1.5.0.202011040924/tools/bin/../lib/gcc/arm-none-eabi/9.3.1/../../../../arm-none-eabi/lib/thumb/v7e-m+fp/hard\libc_nano.a
LOAD c:/st/stm32cubeide_1.6.0/stm32cubeide/plugins/com.st.stm32cube.ide.mcu.externaltools.gnu-tools-for-stm32.9-2020-q2-update.win32_1.5.0.202011040924/tools/bin/../lib/gcc/arm-none-eabi/9.3.1/../../../../arm-none-eabi/lib/thumb/v7e-m+fp/hard\libm.a
END GROUP
START GROUP
LOAD c:/st/stm32cubeide_1.6.0/stm32cubeide/plugins/com.st.stm32cube.ide.mcu.externaltools.gnu-tools-for-stm32.9-2020-q2-update.win32_1.5.0.202011040924/tools/bin/../lib/gcc/arm-none-eabi/9.3.1/thumb/v7e-m+fp/hard\libgcc.a
LOAD c:/st/stm32cubeide_1.6.0/stm32cubeide/plugins/com.st.stm32cube.ide.mcu.externaltools.gnu-tools-for-stm32.9-2020-q2-update.win32_1.5.0.202011040924/tools/bin/../lib/gcc/arm-none-eabi/9.3.1/../../../../arm-none-eabi/lib/thumb/v7e-m+fp/hard\libc_nano.a
END GROUP
START GROUP
LOAD c:/st/stm32cubeide_1.6.0/stm32cubeide/plugins/com.st.stm32cube.ide.mcu.externaltools.gnu-tools-for-stm32.9-2020-q2-update.win32_1.5.0.202011040924/tools/bin/../lib/gcc/arm-none-eabi/9.3.1/thumb/v7e-m+fp/hard\libgcc.a
LOAD c:/st/stm32cubeide_1.6.0/stm32cubeide/plugins/com.st.stm32cube.ide.mcu.externaltools.gnu-tools-for-stm32.9-2020-q2-update.win32_1.5.0.202011040924/tools/bin/../lib/gcc/arm-none-eabi/9.3.1/../../../../arm-none-eabi/lib/thumb/v7e-m+fp/hard\libc_nano.a
LOAD c:/st/stm32cubeide_1.6.0/stm32cubeide/plugins/com.st.stm32cube.ide.mcu.externaltools.gnu-tools-for-stm32.9-2020-q2-update.win32_1.5.0.202011040924/tools/bin/../lib/gcc/arm-none-eabi/9.3.1/../../../../arm-none-eabi/lib/thumb/v7e-m+fp/hard\libnosys.a
END GROUP
START GROUP
LOAD c:/st/stm32cubeide_1.6.0/stm32cubeide/plugins/com.st.stm32cube.ide.mcu.externaltools.gnu-tools-for-stm32.9-2020-q2-update.win32_1.5.0.202011040924/tools/bin/../lib/gcc/arm-none-eabi/9.3.1/thumb/v7e-m+fp/hard\libgcc.a
LOAD c:/st/stm32cubeide_1.6.0/stm32cubeide/plugins/com.st.stm32cube.ide.mcu.externaltools.gnu-tools-for-stm32.9-2020-q2-update.win32_1.5.0.202011040924/tools/bin/../lib/gcc/arm-none-eabi/9.3.1/../../../../arm-none-eabi/lib/thumb/v7e-m+fp/hard\libc_nano.a
LOAD c:/st/stm32cubeide_1.6.0/stm32cubeide/plugins/com.st.stm32cube.ide.mcu.externaltools.gnu-tools-for-stm32.9-2020-q2-update.win32_1.5.0.202011040924/tools/bin/../lib/gcc/arm-none-eabi/9.3.1/../../../../arm-none-eabi/lib/thumb/v7e-m+fp/hard\libnosys.a
END GROUP
LOAD c:/st/stm32cubeide_1.6.0/stm32cubeide/plugins/com.st.stm32cube.ide.mcu.externaltools.gnu-tools-for-stm32.9-2020-q2-update.win32_1.5.0.202011040924/tools/bin/../lib/gcc/arm-none-eabi/9.3.1/thumb/v7e-m+fp/hard/crtend.o
LOAD c:/st/stm32cubeide_1.6.0/stm32cubeide/plugins/com.st.stm32cube.ide.mcu.externaltools.gnu-tools-for-stm32.9-2020-q2-update.win32_1.5.0.202011040924/tools/bin/../lib/gcc/arm-none-eabi/9.3.1/thumb/v7e-m+fp/hard/crtn.o
                0x0000000020030000                _estack = 0x20030000
                0x0000000000000400                _Min_Heap_Size = 0x400
                0x0000000000001000                _Min_Stack_Size = 0x1000

.isr_vector     0x0000000008000000      0x13c
                0x0000000008000000                . = ALIGN (0x4)
 *(.isr_vector)
 .isr_vector    0x0000000008000000      0x13c Application/User/Startup/startup_stm32wb55rgvx.o
                0x0000000008000000                g_pfnVectors
                0x000000000800013c                . = ALIGN (0x4)

.text           0x0000000008000140     0xb7fc
                0x0000000008000140                . = ALIGN (0x4)
 *(.text)
 .text          0x0000000008000140       0x40 c:/st/stm32cubeide_1.6.0/stm32cubeide/plugins/com.st.stm32cube.ide.mcu.externaltools.gnu-tools-for-stm32.9-2020-q2-update.win32_1.5.0.202011040924/tools/bin/../lib/gcc/arm-none-eabi/9.3.1/thumb/v7e-m+fp/hard/crtbegin.o
 .text          0x0000000008000180       0x10 c:/st/stm32cubeide_1.6.0/stm32cubeide/plugins/com.st.stm32cube.ide.mcu.externaltools.gnu-tools-for-stm32.9-2020-q2-update.win32_1.5.0.202011040924/tools/bin/../lib/gcc/arm-none-eabi/9.3.1/../../../../arm-none-eabi/lib/thumb/v7e-m+fp/hard\libc_nano.a(lib_a-strlen.o)
                0x0000000008000180                strlen
 .text          0x0000000008000190       0xa0 c:/st/stm32cubeide_1.6.0/stm32cubeide/plugins/com.st.stm32cube.ide.mcu.externaltools.gnu-tools-for-stm32.9-2020-q2-update.win32_1.5.0.202011040924/tools/bin/../lib/gcc/arm-none-eabi/9.3.1/../../../../arm-none-eabi/lib/thumb/v7e-m+fp/hard\libc_nano.a(lib_a-memchr.o)
                0x0000000008000190                memchr
 .text          0x0000000008000230       0x30 c:/st/stm32cubeide_1.6.0/stm32cubeide/plugins/com.st.stm32cube.ide.mcu.externaltools.gnu-tools-for-stm32.9-2020-q2-update.win32_1.5.0.202011040924/tools/bin/../lib/gcc/arm-none-eabi/9.3.1/thumb/v7e-m+fp/hard\libgcc.a(_aeabi_uldivmod.o)
                0x0000000008000230                __aeabi_uldivmod
 .text          0x0000000008000260      0x2c4 c:/st/stm32cubeide_1.6.0/stm32cubeide/plugins/com.st.stm32cube.ide.mcu.externaltools.gnu-tools-for-stm32.9-2020-q2-update.win32_1.5.0.202011040924/tools/bin/../lib/gcc/arm-none-eabi/9.3.1/thumb/v7e-m+fp/hard\libgcc.a(_udivmoddi4.o)
                0x0000000008000260                __udivmoddi4
 .text          0x0000000008000524        0x4 c:/st/stm32cubeide_1.6.0/stm32cubeide/plugins/com.st.stm32cube.ide.mcu.externaltools.gnu-tools-for-stm32.9-2020-q2-update.win32_1.5.0.202011040924/tools/bin/../lib/gcc/arm-none-eabi/9.3.1/thumb/v7e-m+fp/hard\libgcc.a(_dvmd_tls.o)
                0x0000000008000524                __aeabi_idiv0
                0x0000000008000524                __aeabi_ldiv0
 *(.text*)
 .text.LL_EXTI_EnableIT_32_63
                0x0000000008000528       0x28 Application/User/Core/app_debug.o
 .text.LL_AHB2_GRP1_EnableClock
                0x0000000008000550       0x32 Application/User/Core/app_debug.o
 .text.LL_C2_AHB2_GRP1_EnableClock
                0x0000000008000582       0x38 Application/User/Core/app_debug.o
 .text.APPD_Init
                0x00000000080005ba       0x24 Application/User/Core/app_debug.o
                0x00000000080005ba                APPD_Init
 *fill*         0x00000000080005de        0x2 
 .text.APPD_EnableCPU2
                0x00000000080005e0       0x38 Application/User/Core/app_debug.o
                0x00000000080005e0                APPD_EnableCPU2
 .text.APPD_SetCPU2GpioConfig
                0x0000000008000618      0x148 Application/User/Core/app_debug.o
 .text.APPD_BleDtbCfg
                0x0000000008000760        0xe Application/User/Core/app_debug.o
 .text.DbgOutputInit
                0x000000000800076e        0xc Application/User/Core/app_debug.o
                0x000000000800076e                DbgOutputInit
 .text.DbgOutputTraces
                0x000000000800077a       0x22 Application/User/Core/app_debug.o
                0x000000000800077a                DbgOutputTraces
 .text.LL_C2_PWR_SetPowerMode
                0x000000000800079c       0x2c Application/User/Core/app_entry.o
 .text.LL_RCC_SetClkAfterWakeFromStop
                0x00000000080007c8       0x28 Application/User/Core/app_entry.o
 .text.APPE_Init
                0x00000000080007f0       0x30 Application/User/Core/app_entry.o
                0x00000000080007f0                APPE_Init
 .text.SystemPower_Config
                0x0000000008000820       0x1a Application/User/Core/app_entry.o
 *fill*         0x000000000800083a        0x2 
 .text.appe_Tl_Init
                0x000000000800083c       0x6c Application/User/Core/app_entry.o
 .text.APPE_SysStatusNot
                0x00000000080008a8       0x16 Application/User/Core/app_entry.o
 .text.APPE_SysUserEvtRx
                0x00000000080008be       0x20 Application/User/Core/app_entry.o
 .text.Led_Init
                0x00000000080008de       0x20 Application/User/Core/app_entry.o
 .text.Button_Init
                0x00000000080008fe       0x18 Application/User/Core/app_entry.o
 .text.UTIL_SEQ_Idle
                0x0000000008000916        0xe Application/User/Core/app_entry.o
                0x0000000008000916                UTIL_SEQ_Idle
 .text.UTIL_SEQ_EvtIdle
                0x0000000008000924       0x1a Application/User/Core/app_entry.o
                0x0000000008000924                UTIL_SEQ_EvtIdle
 .text.shci_notify_asynch_evt
                0x000000000800093e       0x18 Application/User/Core/app_entry.o
                0x000000000800093e                shci_notify_asynch_evt
 .text.shci_cmd_resp_release
                0x0000000008000956       0x16 Application/User/Core/app_entry.o
                0x0000000008000956                shci_cmd_resp_release
 .text.shci_cmd_resp_wait
                0x000000000800096c       0x16 Application/User/Core/app_entry.o
                0x000000000800096c                shci_cmd_resp_wait
 .text.HAL_GPIO_EXTI_Callback
                0x0000000008000982       0x3a Application/User/Core/app_entry.o
                0x0000000008000982                HAL_GPIO_EXTI_Callback
 .text.LL_EXTI_EnableIT_0_31
                0x00000000080009bc       0x28 Application/User/Core/hw_timerserver.o
 .text.LL_EXTI_EnableRisingTrig_0_31
                0x00000000080009e4       0x24 Application/User/Core/hw_timerserver.o
 .text.ReadRtcSsrValue
                0x0000000008000a08       0x40 Application/User/Core/hw_timerserver.o
 .text.LinkTimerAfter
                0x0000000008000a48       0x8c Application/User/Core/hw_timerserver.o
 .text.LinkTimerBefore
                0x0000000008000ad4       0xc0 Application/User/Core/hw_timerserver.o
 .text.linkTimer
                0x0000000008000b94      0x154 Application/User/Core/hw_timerserver.o
 .text.UnlinkTimer
                0x0000000008000ce8      0x108 Application/User/Core/hw_timerserver.o
 .text.ReturnTimeElapsed
                0x0000000008000df0       0x80 Application/User/Core/hw_timerserver.o
 .text.RestartWakeupCounter
                0x0000000008000e70       0xbc Application/User/Core/hw_timerserver.o
 .text.RescheduleTimerList
                0x0000000008000f2c      0x13c Application/User/Core/hw_timerserver.o
 .text.HW_TS_RTC_Wakeup_Handler
                0x0000000008001068      0x1a8 Application/User/Core/hw_timerserver.o
                0x0000000008001068                HW_TS_RTC_Wakeup_Handler
 .text.HW_TS_Init
                0x0000000008001210      0x1cc Application/User/Core/hw_timerserver.o
                0x0000000008001210                HW_TS_Init
 .text.HW_TS_Create
                0x00000000080013dc       0xf4 Application/User/Core/hw_timerserver.o
                0x00000000080013dc                HW_TS_Create
 .text.HW_TS_Stop
                0x00000000080014d0      0x118 Application/User/Core/hw_timerserver.o
                0x00000000080014d0                HW_TS_Stop
 .text.HW_TS_Start
                0x00000000080015e8      0x110 Application/User/Core/hw_timerserver.o
                0x00000000080015e8                HW_TS_Start
 .text.HW_TS_RTC_Int_AppNot
                0x00000000080016f8       0x1a Application/User/Core/hw_timerserver.o
                0x00000000080016f8                HW_TS_RTC_Int_AppNot
 *fill*         0x0000000008001712        0x2 
 .text.HW_UART_Transmit_DMA
                0x0000000008001714       0xbc Application/User/Core/hw_uart.o
                0x0000000008001714                HW_UART_Transmit_DMA
 .text.HAL_UART_TxCpltCallback
                0x00000000080017d0       0x5c Application/User/Core/hw_uart.o
                0x00000000080017d0                HAL_UART_TxCpltCallback
 .text.LL_EXTI_DisableIT_0_31
                0x000000000800182c       0x2c Application/User/Core/main.o
 .text.LL_EXTI_DisableIT_32_63
                0x0000000008001858       0x2c Application/User/Core/main.o
 .text.LL_RCC_HSE_SetCapacitorTuning
                0x0000000008001884       0x3c Application/User/Core/main.o
 .text.LL_RCC_LSE_SetDriveCapability
                0x00000000080018c0       0x2c Application/User/Core/main.o
 .text.LL_RCC_ForceBackupDomainReset
                0x00000000080018ec       0x22 Application/User/Core/main.o
 .text.LL_RCC_ReleaseBackupDomainReset
                0x000000000800190e       0x22 Application/User/Core/main.o
 .text.LL_RCC_IsActiveFlag_PINRST
                0x0000000008001930       0x26 Application/User/Core/main.o
 .text.LL_RCC_IsActiveFlag_SFTRST
                0x0000000008001956       0x26 Application/User/Core/main.o
 .text.LL_AHB1_GRP1_EnableClock
                0x000000000800197c       0x32 Application/User/Core/main.o
 .text.LL_AHB2_GRP1_EnableClock
                0x00000000080019ae       0x32 Application/User/Core/main.o
 .text.LL_AHB3_GRP1_EnableClock
                0x00000000080019e0       0x32 Application/User/Core/main.o
 .text.LL_C1_IPCC_DisableTransmitChannel
                0x0000000008001a12       0x24 Application/User/Core/main.o
 .text.LL_C1_IPCC_DisableReceiveChannel
                0x0000000008001a36       0x22 Application/User/Core/main.o
 .text.LL_C2_IPCC_DisableTransmitChannel
                0x0000000008001a58       0x24 Application/User/Core/main.o
 .text.LL_C2_IPCC_DisableReceiveChannel
                0x0000000008001a7c       0x22 Application/User/Core/main.o
 .text.LL_C1_IPCC_ClearFlag_CHx
                0x0000000008001a9e       0x1c Application/User/Core/main.o
 .text.LL_C2_IPCC_ClearFlag_CHx
                0x0000000008001aba       0x1c Application/User/Core/main.o
 *fill*         0x0000000008001ad6        0x2 
 .text.LL_LPM_EnableSleep
                0x0000000008001ad8       0x20 Application/User/Core/main.o
 .text.LL_RTC_EnableWriteProtection
                0x0000000008001af8       0x1a Application/User/Core/main.o
 .text.LL_RTC_DisableWriteProtection
                0x0000000008001b12       0x20 Application/User/Core/main.o
 .text.LL_RTC_WAKEUP_SetClock
                0x0000000008001b32       0x26 Application/User/Core/main.o
 .text.main     0x0000000008001b58       0x4c Application/User/Core/main.o
                0x0000000008001b58                main
 .text.SystemClock_Config
                0x0000000008001ba4      0x100 Application/User/Core/main.o
                0x0000000008001ba4                SystemClock_Config
 .text.MX_IPCC_Init
                0x0000000008001ca4       0x28 Application/User/Core/main.o
 .text.MX_USART1_UART_Init
                0x0000000008001ccc       0x9c Application/User/Core/main.o
                0x0000000008001ccc                MX_USART1_UART_Init
 .text.MX_RF_Init
                0x0000000008001d68        0xe Application/User/Core/main.o
 *fill*         0x0000000008001d76        0x2 
 .text.MX_RTC_Init
                0x0000000008001d78       0x68 Application/User/Core/main.o
 .text.MX_DMA_Init
                0x0000000008001de0       0x3a Application/User/Core/main.o
 .text.MX_GPIO_Init
                0x0000000008001e1a       0x1a Application/User/Core/main.o
 .text.PeriphClock_Config
                0x0000000008001e34        0xe Application/User/Core/main.o
                0x0000000008001e34                PeriphClock_Config
 .text.Config_HSE
                0x0000000008001e42       0x28 Application/User/Core/main.o
 .text.Reset_Device
                0x0000000008001e6a       0x10 Application/User/Core/main.o
 *fill*         0x0000000008001e7a        0x2 
 .text.Reset_IPCC
                0x0000000008001e7c       0x44 Application/User/Core/main.o
 .text.Reset_BackupDomain
                0x0000000008001ec0       0x2e Application/User/Core/main.o
 .text.Init_Exti
                0x0000000008001eee       0x18 Application/User/Core/main.o
 .text.HAL_Delay
                0x0000000008001f06       0x4a Application/User/Core/main.o
                0x0000000008001f06                HAL_Delay
 .text.Error_Handler
                0x0000000008001f50        0xe Application/User/Core/main.o
                0x0000000008001f50                Error_Handler
 .text.LL_RCC_SetRTCClockSource
                0x0000000008001f5e       0x2c Application/User/Core/stm32wbxx_hal_msp.o
 .text.LL_RCC_EnableRTC
                0x0000000008001f8a       0x22 Application/User/Core/stm32wbxx_hal_msp.o
 .text.LL_AHB2_GRP1_EnableClock
                0x0000000008001fac       0x32 Application/User/Core/stm32wbxx_hal_msp.o
 .text.LL_AHB3_GRP1_EnableClock
                0x0000000008001fde       0x32 Application/User/Core/stm32wbxx_hal_msp.o
 .text.LL_APB1_GRP1_EnableClock
                0x0000000008002010       0x32 Application/User/Core/stm32wbxx_hal_msp.o
 .text.LL_APB1_GRP2_EnableClock
                0x0000000008002042       0x32 Application/User/Core/stm32wbxx_hal_msp.o
 .text.LL_APB2_GRP1_EnableClock
                0x0000000008002074       0x32 Application/User/Core/stm32wbxx_hal_msp.o
 .text.HAL_MspInit
                0x00000000080020a6       0x20 Application/User/Core/stm32wbxx_hal_msp.o
                0x00000000080020a6                HAL_MspInit
 *fill*         0x00000000080020c6        0x2 
 .text.HAL_IPCC_MspInit
                0x00000000080020c8       0x48 Application/User/Core/stm32wbxx_hal_msp.o
                0x00000000080020c8                HAL_IPCC_MspInit
 .text.HAL_UART_MspInit
                0x0000000008002110      0x1a0 Application/User/Core/stm32wbxx_hal_msp.o
                0x0000000008002110                HAL_UART_MspInit
 .text.HAL_RTC_MspInit
                0x00000000080022b0       0x40 Application/User/Core/stm32wbxx_hal_msp.o
                0x00000000080022b0                HAL_RTC_MspInit
 .text.NMI_Handler
                0x00000000080022f0        0xe Application/User/Core/stm32wbxx_it.o
                0x00000000080022f0                NMI_Handler
 .text.HardFault_Handler
                0x00000000080022fe        0x6 Application/User/Core/stm32wbxx_it.o
                0x00000000080022fe                HardFault_Handler
 .text.MemManage_Handler
                0x0000000008002304        0x6 Application/User/Core/stm32wbxx_it.o
                0x0000000008002304                MemManage_Handler
 .text.BusFault_Handler
                0x000000000800230a        0x6 Application/User/Core/stm32wbxx_it.o
                0x000000000800230a                BusFault_Handler
 .text.UsageFault_Handler
                0x0000000008002310        0x6 Application/User/Core/stm32wbxx_it.o
                0x0000000008002310                UsageFault_Handler
 .text.SVC_Handler
                0x0000000008002316        0xe Application/User/Core/stm32wbxx_it.o
                0x0000000008002316                SVC_Handler
 .text.DebugMon_Handler
                0x0000000008002324        0xe Application/User/Core/stm32wbxx_it.o
                0x0000000008002324                DebugMon_Handler
 .text.PendSV_Handler
                0x0000000008002332        0xe Application/User/Core/stm32wbxx_it.o
                0x0000000008002332                PendSV_Handler
 .text.SysTick_Handler
                0x0000000008002340        0xc Application/User/Core/stm32wbxx_it.o
                0x0000000008002340                SysTick_Handler
 .text.DMA1_Channel4_IRQHandler
                0x000000000800234c       0x14 Application/User/Core/stm32wbxx_it.o
                0x000000000800234c                DMA1_Channel4_IRQHandler
 .text.USART1_IRQHandler
                0x0000000008002360       0x14 Application/User/Core/stm32wbxx_it.o
                0x0000000008002360                USART1_IRQHandler
 .text.LPUART1_IRQHandler
                0x0000000008002374       0x14 Application/User/Core/stm32wbxx_it.o
                0x0000000008002374                LPUART1_IRQHandler
 .text.IPCC_C1_RX_IRQHandler
                0x0000000008002388        0xc Application/User/Core/stm32wbxx_it.o
                0x0000000008002388                IPCC_C1_RX_IRQHandler
 .text.IPCC_C1_TX_IRQHandler
                0x0000000008002394        0xc Application/User/Core/stm32wbxx_it.o
                0x0000000008002394                IPCC_C1_TX_IRQHandler
 .text.HSEM_IRQHandler
                0x00000000080023a0        0xc Application/User/Core/stm32wbxx_it.o
                0x00000000080023a0                HSEM_IRQHandler
 .text.DMA2_Channel4_IRQHandler
                0x00000000080023ac       0x14 Application/User/Core/stm32wbxx_it.o
                0x00000000080023ac                DMA2_Channel4_IRQHandler
 .text.EXTI4_IRQHandler
                0x00000000080023c0        0xe Application/User/Core/stm32wbxx_it.o
                0x00000000080023c0                EXTI4_IRQHandler
 .text.EXTI0_IRQHandler
                0x00000000080023ce        0xe Application/User/Core/stm32wbxx_it.o
                0x00000000080023ce                EXTI0_IRQHandler
 .text.RTC_WKUP_IRQHandler
                0x00000000080023dc        0xc Application/User/Core/stm32wbxx_it.o
                0x00000000080023dc                RTC_WKUP_IRQHandler
 .text._read    0x00000000080023e8       0x3a Application/User/Core/syscalls.o
                0x00000000080023e8                _read
 .text._close   0x0000000008002422       0x18 Application/User/Core/syscalls.o
                0x0000000008002422                _close
 .text._fstat   0x000000000800243a       0x20 Application/User/Core/syscalls.o
                0x000000000800243a                _fstat
 .text._isatty  0x000000000800245a       0x16 Application/User/Core/syscalls.o
                0x000000000800245a                _isatty
 .text._lseek   0x0000000008002470       0x1a Application/User/Core/syscalls.o
                0x0000000008002470                _lseek
 *fill*         0x000000000800248a        0x2 
 .text._sbrk    0x000000000800248c       0x6c Application/User/Core/sysmem.o
                0x000000000800248c                _sbrk
 .text.LL_FLASH_GetUDN
                0x00000000080024f8       0x18 Application/User/STM32_WPAN/App/app_ble.o
 .text.LL_FLASH_GetDeviceID
                0x0000000008002510       0x18 Application/User/STM32_WPAN/App/app_ble.o
 .text.LL_FLASH_GetSTCompanyID
                0x0000000008002528       0x18 Application/User/STM32_WPAN/App/app_ble.o
 .text.APP_BLE_Init
                0x0000000008002540       0xf8 Application/User/STM32_WPAN/App/app_ble.o
                0x0000000008002540                APP_BLE_Init
 .text.SVCCTL_App_Notification
                0x0000000008002638      0x354 Application/User/STM32_WPAN/App/app_ble.o
                0x0000000008002638                SVCCTL_App_Notification
 .text.APP_BLE_Key_Button1_Action
                0x000000000800298c        0xc Application/User/STM32_WPAN/App/app_ble.o
                0x000000000800298c                APP_BLE_Key_Button1_Action
 .text.APP_BLE_Key_Button2_Action
                0x0000000008002998       0x10 Application/User/STM32_WPAN/App/app_ble.o
                0x0000000008002998                APP_BLE_Key_Button2_Action
 .text.APP_BLE_Key_Button3_Action
                0x00000000080029a8        0xe Application/User/STM32_WPAN/App/app_ble.o
                0x00000000080029a8                APP_BLE_Key_Button3_Action
 *fill*         0x00000000080029b6        0x2 
 .text.Ble_Tl_Init
                0x00000000080029b8       0x2c Application/User/STM32_WPAN/App/app_ble.o
 .text.Ble_Hci_Gap_Gatt_Init
                0x00000000080029e4      0x184 Application/User/STM32_WPAN/App/app_ble.o
 .text.Adv_Request
                0x0000000008002b68      0x14c Application/User/STM32_WPAN/App/app_ble.o
 .text.BleGetBdAddress
                0x0000000008002cb4       0x88 Application/User/STM32_WPAN/App/app_ble.o
 .text.Adv_Cancel
                0x0000000008002d3c       0x60 Application/User/STM32_WPAN/App/app_ble.o
 .text.Adv_Cancel_Req
                0x0000000008002d9c       0x10 Application/User/STM32_WPAN/App/app_ble.o
 .text.Switch_OFF_GPIO
                0x0000000008002dac        0xe Application/User/STM32_WPAN/App/app_ble.o
 *fill*         0x0000000008002dba        0x2 
 .text.BLE_SVC_L2CAP_Conn_Update
                0x0000000008002dbc       0xc8 Application/User/STM32_WPAN/App/app_ble.o
 .text.Connection_Interval_Update_Req
                0x0000000008002e84       0x2c Application/User/STM32_WPAN/App/app_ble.o
 .text.hci_notify_asynch_evt
                0x0000000008002eb0       0x18 Application/User/STM32_WPAN/App/app_ble.o
                0x0000000008002eb0                hci_notify_asynch_evt
 .text.hci_cmd_resp_release
                0x0000000008002ec8       0x16 Application/User/STM32_WPAN/App/app_ble.o
                0x0000000008002ec8                hci_cmd_resp_release
 .text.hci_cmd_resp_wait
                0x0000000008002ede       0x16 Application/User/STM32_WPAN/App/app_ble.o
                0x0000000008002ede                hci_cmd_resp_wait
 .text.BLE_UserEvtRx
                0x0000000008002ef4       0x38 Application/User/STM32_WPAN/App/app_ble.o
 .text.BLE_StatusNot
                0x0000000008002f2c       0x36 Application/User/STM32_WPAN/App/app_ble.o
 *fill*         0x0000000008002f62        0x2 
 .text.P2PS_STM_App_Notification
                0x0000000008002f64      0x11c Application/User/STM32_WPAN/App/p2p_server_app.o
                0x0000000008002f64                P2PS_STM_App_Notification
 .text.P2PS_APP_Notification
                0x0000000008003080       0x26 Application/User/STM32_WPAN/App/p2p_server_app.o
                0x0000000008003080                P2PS_APP_Notification
 *fill*         0x00000000080030a6        0x2 
 .text.P2PS_APP_Init
                0x00000000080030a8       0x24 Application/User/STM32_WPAN/App/p2p_server_app.o
                0x00000000080030a8                P2PS_APP_Init
 .text.P2PS_APP_LED_BUTTON_context_Init
                0x00000000080030cc       0x2c Application/User/STM32_WPAN/App/p2p_server_app.o
 .text.P2PS_APP_SW1_Button_Action
                0x00000000080030f8       0x10 Application/User/STM32_WPAN/App/p2p_server_app.o
                0x00000000080030f8                P2PS_APP_SW1_Button_Action
 .text.P2PS_Send_Notification
                0x0000000008003108       0x58 Application/User/STM32_WPAN/App/p2p_server_app.o
 .text.LL_PWR_EnableBootC2
                0x0000000008003160       0x20 Application/User/STM32_WPAN/Target/hw_ipcc.o
 .text.LL_C2_EXTI_EnableEvent_32_63
                0x0000000008003180       0x28 Application/User/STM32_WPAN/Target/hw_ipcc.o
 .text.LL_EXTI_EnableRisingTrig_32_63
                0x00000000080031a8       0x24 Application/User/STM32_WPAN/Target/hw_ipcc.o
 .text.LL_AHB3_GRP1_EnableClock
                0x00000000080031cc       0x32 Application/User/STM32_WPAN/Target/hw_ipcc.o
 .text.LL_C2_AHB3_GRP1_EnableClock
                0x00000000080031fe       0x38 Application/User/STM32_WPAN/Target/hw_ipcc.o
 .text.LL_C1_IPCC_EnableIT_TXF
                0x0000000008003236       0x20 Application/User/STM32_WPAN/Target/hw_ipcc.o
 .text.LL_C1_IPCC_EnableIT_RXO
                0x0000000008003256       0x20 Application/User/STM32_WPAN/Target/hw_ipcc.o
 .text.LL_C1_IPCC_EnableTransmitChannel
                0x0000000008003276       0x26 Application/User/STM32_WPAN/Target/hw_ipcc.o
 .text.LL_C1_IPCC_DisableTransmitChannel
                0x000000000800329c       0x24 Application/User/STM32_WPAN/Target/hw_ipcc.o
 .text.LL_C1_IPCC_EnableReceiveChannel
                0x00000000080032c0       0x24 Application/User/STM32_WPAN/Target/hw_ipcc.o
 .text.LL_C1_IPCC_ClearFlag_CHx
                0x00000000080032e4       0x1c Application/User/STM32_WPAN/Target/hw_ipcc.o
 .text.LL_C1_IPCC_SetFlag_CHx
                0x0000000008003300       0x1e Application/User/STM32_WPAN/Target/hw_ipcc.o
 .text.LL_C1_IPCC_IsActiveFlag_CHx
                0x000000000800331e       0x2a Application/User/STM32_WPAN/Target/hw_ipcc.o
 .text.LL_C2_IPCC_IsActiveFlag_CHx
                0x0000000008003348       0x2a Application/User/STM32_WPAN/Target/hw_ipcc.o
 *fill*         0x0000000008003372        0x2 
 .text.HW_IPCC_Rx_Handler
                0x0000000008003374       0x70 Application/User/STM32_WPAN/Target/hw_ipcc.o
                0x0000000008003374                HW_IPCC_Rx_Handler
 .text.HW_IPCC_Tx_Handler
                0x00000000080033e4       0x94 Application/User/STM32_WPAN/Target/hw_ipcc.o
                0x00000000080033e4                HW_IPCC_Tx_Handler
 .text.HW_IPCC_Enable
                0x0000000008003478       0x28 Application/User/STM32_WPAN/Target/hw_ipcc.o
                0x0000000008003478                HW_IPCC_Enable
 .text.HW_IPCC_Init
                0x00000000080034a0       0x2c Application/User/STM32_WPAN/Target/hw_ipcc.o
                0x00000000080034a0                HW_IPCC_Init
 .text.HW_IPCC_BLE_Init
                0x00000000080034cc       0x14 Application/User/STM32_WPAN/Target/hw_ipcc.o
                0x00000000080034cc                HW_IPCC_BLE_Init
 .text.HW_IPCC_BLE_SendCmd
                0x00000000080034e0       0x14 Application/User/STM32_WPAN/Target/hw_ipcc.o
                0x00000000080034e0                HW_IPCC_BLE_SendCmd
 .text.HW_IPCC_BLE_EvtHandler
                0x00000000080034f4       0x18 Application/User/STM32_WPAN/Target/hw_ipcc.o
 .text.HW_IPCC_BLE_AclDataEvtHandler
                0x000000000800350c       0x18 Application/User/STM32_WPAN/Target/hw_ipcc.o
 .text.HW_IPCC_SYS_Init
                0x0000000008003524       0x14 Application/User/STM32_WPAN/Target/hw_ipcc.o
                0x0000000008003524                HW_IPCC_SYS_Init
 .text.HW_IPCC_SYS_SendCmd
                0x0000000008003538       0x1c Application/User/STM32_WPAN/Target/hw_ipcc.o
                0x0000000008003538                HW_IPCC_SYS_SendCmd
 .text.HW_IPCC_SYS_CmdEvtHandler
                0x0000000008003554       0x18 Application/User/STM32_WPAN/Target/hw_ipcc.o
 .text.HW_IPCC_SYS_EvtHandler
                0x000000000800356c       0x18 Application/User/STM32_WPAN/Target/hw_ipcc.o
 .text.HW_IPCC_MM_SendFreeBuf
                0x0000000008003584       0x44 Application/User/STM32_WPAN/Target/hw_ipcc.o
                0x0000000008003584                HW_IPCC_MM_SendFreeBuf
 .text.HW_IPCC_MM_FreeBufHandler
                0x00000000080035c8       0x28 Application/User/STM32_WPAN/Target/hw_ipcc.o
 .text.HW_IPCC_TRACES_Init
                0x00000000080035f0       0x14 Application/User/STM32_WPAN/Target/hw_ipcc.o
                0x00000000080035f0                HW_IPCC_TRACES_Init
 .text.HW_IPCC_TRACES_EvtHandler
                0x0000000008003604       0x18 Application/User/STM32_WPAN/Target/hw_ipcc.o
 .text.data_initializers
                0x000000000800361c       0x18 Application/User/Startup/startup_stm32wb55rgvx.o
 .text.Reset_Handler
                0x0000000008003634       0x54 Application/User/Startup/startup_stm32wb55rgvx.o
                0x0000000008003634                Reset_Handler
 .text.Default_Handler
                0x0000000008003688        0x2 Application/User/Startup/startup_stm32wb55rgvx.o
                0x0000000008003688                RTC_Alarm_IRQHandler
                0x0000000008003688                EXTI2_IRQHandler
                0x0000000008003688                TIM1_CC_IRQHandler
                0x0000000008003688                TSC_IRQHandler
                0x0000000008003688                USB_HP_IRQHandler
                0x0000000008003688                EXTI3_IRQHandler
                0x0000000008003688                LPTIM2_IRQHandler
                0x0000000008003688                I2C3_ER_IRQHandler
                0x0000000008003688                FPU_IRQHandler
                0x0000000008003688                TIM1_UP_TIM16_IRQHandler
                0x0000000008003688                AES1_IRQHandler
                0x0000000008003688                SPI1_IRQHandler
                0x0000000008003688                PWR_SOTF_BLEACT_802ACT_RFPHASE_IRQHandler
                0x0000000008003688                DMA2_Channel2_IRQHandler
                0x0000000008003688                ADC1_IRQHandler
                0x0000000008003688                PKA_IRQHandler
                0x0000000008003688                DMA1_Channel7_IRQHandler
                0x0000000008003688                LCD_IRQHandler
                0x0000000008003688                DMA2_Channel1_IRQHandler
                0x0000000008003688                QUADSPI_IRQHandler
                0x0000000008003688                I2C1_EV_IRQHandler
                0x0000000008003688                DMAMUX1_OVR_IRQHandler
                0x0000000008003688                DMA1_Channel6_IRQHandler
                0x0000000008003688                RCC_IRQHandler
                0x0000000008003688                DMA1_Channel1_IRQHandler
                0x0000000008003688                Default_Handler
                0x0000000008003688                DMA2_Channel7_IRQHandler
                0x0000000008003688                EXTI15_10_IRQHandler
                0x0000000008003688                C2SEV_PWR_C2H_IRQHandler
                0x0000000008003688                AES2_IRQHandler
                0x0000000008003688                I2C3_EV_IRQHandler
                0x0000000008003688                EXTI9_5_IRQHandler
                0x0000000008003688                PVD_PVM_IRQHandler
                0x0000000008003688                SPI2_IRQHandler
                0x0000000008003688                DMA2_Channel5_IRQHandler
                0x0000000008003688                CRS_IRQHandler
                0x0000000008003688                DMA1_Channel5_IRQHandler
                0x0000000008003688                USB_LP_IRQHandler
                0x0000000008003688                RNG_IRQHandler
                0x0000000008003688                TIM1_TRG_COM_TIM17_IRQHandler
                0x0000000008003688                TAMP_STAMP_LSECSS_IRQHandler
                0x0000000008003688                DMA1_Channel3_IRQHandler
                0x0000000008003688                COMP_IRQHandler
                0x0000000008003688                WWDG_IRQHandler
                0x0000000008003688                DMA2_Channel6_IRQHandler
                0x0000000008003688                TIM2_IRQHandler
                0x0000000008003688                TIM1_BRK_IRQHandler
                0x0000000008003688                EXTI1_IRQHandler
                0x0000000008003688                DMA1_Channel2_IRQHandler
                0x0000000008003688                FLASH_IRQHandler
                0x0000000008003688                I2C1_ER_IRQHandler
                0x0000000008003688                LPTIM1_IRQHandler
                0x0000000008003688                SAI1_IRQHandler
                0x0000000008003688                DMA2_Channel3_IRQHandler
 .text.LL_AHB2_GRP1_EnableClock
                0x000000000800368a       0x32 Drivers/BSP/P-NUCLEO-WB55.Nucleo/stm32wbxx_nucleo.o
 .text.BSP_LED_Init
                0x00000000080036bc       0x74 Drivers/BSP/P-NUCLEO-WB55.Nucleo/stm32wbxx_nucleo.o
                0x00000000080036bc                BSP_LED_Init
 .text.BSP_LED_On
                0x0000000008003730       0x34 Drivers/BSP/P-NUCLEO-WB55.Nucleo/stm32wbxx_nucleo.o
                0x0000000008003730                BSP_LED_On
 .text.BSP_LED_Off
                0x0000000008003764       0x34 Drivers/BSP/P-NUCLEO-WB55.Nucleo/stm32wbxx_nucleo.o
                0x0000000008003764                BSP_LED_Off
 .text.BSP_PB_Init
                0x0000000008003798       0xe4 Drivers/BSP/P-NUCLEO-WB55.Nucleo/stm32wbxx_nucleo.o
                0x0000000008003798                BSP_PB_Init
 .text.SystemInit
                0x000000000800387c       0xac Drivers/CMSIS/system_stm32wbxx.o
                0x000000000800387c                SystemInit
 .text.LL_DBGMCU_EnableDBGSleepMode
                0x0000000008003928       0x20 Drivers/STM32WBxx_HAL_Driver/stm32wbxx_hal.o
 .text.LL_DBGMCU_EnableDBGStopMode
                0x0000000008003948       0x20 Drivers/STM32WBxx_HAL_Driver/stm32wbxx_hal.o
 .text.HAL_Init
                0x0000000008003968       0x40 Drivers/STM32WBxx_HAL_Driver/stm32wbxx_hal.o
                0x0000000008003968                HAL_Init
 .text.HAL_InitTick
                0x00000000080039a8       0x74 Drivers/STM32WBxx_HAL_Driver/stm32wbxx_hal.o
                0x00000000080039a8                HAL_InitTick
 .text.HAL_IncTick
                0x0000000008003a1c       0x28 Drivers/STM32WBxx_HAL_Driver/stm32wbxx_hal.o
                0x0000000008003a1c                HAL_IncTick
 .text.HAL_GetTick
                0x0000000008003a44       0x18 Drivers/STM32WBxx_HAL_Driver/stm32wbxx_hal.o
                0x0000000008003a44                HAL_GetTick
 .text.HAL_GetTickPrio
                0x0000000008003a5c       0x18 Drivers/STM32WBxx_HAL_Driver/stm32wbxx_hal.o
                0x0000000008003a5c                HAL_GetTickPrio
 .text.HAL_GetTickFreq
                0x0000000008003a74       0x18 Drivers/STM32WBxx_HAL_Driver/stm32wbxx_hal.o
                0x0000000008003a74                HAL_GetTickFreq
 .text.HAL_DBGMCU_EnableDBGSleepMode
                0x0000000008003a8c        0xc Drivers/STM32WBxx_HAL_Driver/stm32wbxx_hal.o
                0x0000000008003a8c                HAL_DBGMCU_EnableDBGSleepMode
 .text.HAL_DBGMCU_EnableDBGStopMode
                0x0000000008003a98        0xc Drivers/STM32WBxx_HAL_Driver/stm32wbxx_hal.o
                0x0000000008003a98                HAL_DBGMCU_EnableDBGStopMode
 .text.__NVIC_SetPriorityGrouping
                0x0000000008003aa4       0x48 Drivers/STM32WBxx_HAL_Driver/stm32wbxx_hal_cortex.o
 .text.__NVIC_GetPriorityGrouping
                0x0000000008003aec       0x1c Drivers/STM32WBxx_HAL_Driver/stm32wbxx_hal_cortex.o
 .text.__NVIC_EnableIRQ
                0x0000000008003b08       0x3c Drivers/STM32WBxx_HAL_Driver/stm32wbxx_hal_cortex.o
 .text.__NVIC_DisableIRQ
                0x0000000008003b44       0x48 Drivers/STM32WBxx_HAL_Driver/stm32wbxx_hal_cortex.o
 .text.__NVIC_SetPendingIRQ
                0x0000000008003b8c       0x3c Drivers/STM32WBxx_HAL_Driver/stm32wbxx_hal_cortex.o
 .text.__NVIC_ClearPendingIRQ
                0x0000000008003bc8       0x3c Drivers/STM32WBxx_HAL_Driver/stm32wbxx_hal_cortex.o
 .text.__NVIC_SetPriority
                0x0000000008003c04       0x54 Drivers/STM32WBxx_HAL_Driver/stm32wbxx_hal_cortex.o
 .text.NVIC_EncodePriority
                0x0000000008003c58       0x66 Drivers/STM32WBxx_HAL_Driver/stm32wbxx_hal_cortex.o
 *fill*         0x0000000008003cbe        0x2 
 .text.SysTick_Config
                0x0000000008003cc0       0x44 Drivers/STM32WBxx_HAL_Driver/stm32wbxx_hal_cortex.o
 .text.HAL_NVIC_SetPriorityGrouping
                0x0000000008003d04       0x16 Drivers/STM32WBxx_HAL_Driver/stm32wbxx_hal_cortex.o
                0x0000000008003d04                HAL_NVIC_SetPriorityGrouping
 .text.HAL_NVIC_SetPriority
                0x0000000008003d1a       0x34 Drivers/STM32WBxx_HAL_Driver/stm32wbxx_hal_cortex.o
                0x0000000008003d1a                HAL_NVIC_SetPriority
 .text.HAL_NVIC_EnableIRQ
                0x0000000008003d4e       0x1c Drivers/STM32WBxx_HAL_Driver/stm32wbxx_hal_cortex.o
                0x0000000008003d4e                HAL_NVIC_EnableIRQ
 .text.HAL_NVIC_DisableIRQ
                0x0000000008003d6a       0x1c Drivers/STM32WBxx_HAL_Driver/stm32wbxx_hal_cortex.o
                0x0000000008003d6a                HAL_NVIC_DisableIRQ
 .text.HAL_SYSTICK_Config
                0x0000000008003d86       0x18 Drivers/STM32WBxx_HAL_Driver/stm32wbxx_hal_cortex.o
                0x0000000008003d86                HAL_SYSTICK_Config
 .text.HAL_NVIC_SetPendingIRQ
                0x0000000008003d9e       0x1c Drivers/STM32WBxx_HAL_Driver/stm32wbxx_hal_cortex.o
                0x0000000008003d9e                HAL_NVIC_SetPendingIRQ
 .text.HAL_NVIC_ClearPendingIRQ
                0x0000000008003dba       0x1c Drivers/STM32WBxx_HAL_Driver/stm32wbxx_hal_cortex.o
                0x0000000008003dba                HAL_NVIC_ClearPendingIRQ
 *fill*         0x0000000008003dd6        0x2 
 .text.HAL_DMA_Init
                0x0000000008003dd8      0x150 Drivers/STM32WBxx_HAL_Driver/stm32wbxx_hal_dma.o
                0x0000000008003dd8                HAL_DMA_Init
 .text.HAL_DMA_Start_IT
                0x0000000008003f28       0xf6 Drivers/STM32WBxx_HAL_Driver/stm32wbxx_hal_dma.o
                0x0000000008003f28                HAL_DMA_Start_IT
 .text.HAL_DMA_Abort
                0x000000000800401e       0xbe Drivers/STM32WBxx_HAL_Driver/stm32wbxx_hal_dma.o
                0x000000000800401e                HAL_DMA_Abort
 .text.HAL_DMA_Abort_IT
                0x00000000080040dc       0xbe Drivers/STM32WBxx_HAL_Driver/stm32wbxx_hal_dma.o
                0x00000000080040dc                HAL_DMA_Abort_IT
 .text.HAL_DMA_IRQHandler
                0x000000000800419a      0x15e Drivers/STM32WBxx_HAL_Driver/stm32wbxx_hal_dma.o
                0x000000000800419a                HAL_DMA_IRQHandler
 .text.DMA_SetConfig
                0x00000000080042f8       0x7c Drivers/STM32WBxx_HAL_Driver/stm32wbxx_hal_dma.o
 .text.DMA_CalcDMAMUXChannelBaseAndMask
                0x0000000008004374       0x7c Drivers/STM32WBxx_HAL_Driver/stm32wbxx_hal_dma.o
 .text.DMA_CalcDMAMUXRequestGenBaseAndMask
                0x00000000080043f0       0x4c Drivers/STM32WBxx_HAL_Driver/stm32wbxx_hal_dma.o
 .text.HAL_DMAEx_ConfigMuxSync
                0x000000000800443c       0x80 Drivers/STM32WBxx_HAL_Driver/stm32wbxx_hal_dma_ex.o
                0x000000000800443c                HAL_DMAEx_ConfigMuxSync
 .text.HAL_GPIO_Init
                0x00000000080044bc      0x2e0 Drivers/STM32WBxx_HAL_Driver/stm32wbxx_hal_gpio.o
                0x00000000080044bc                HAL_GPIO_Init
 .text.HAL_GPIO_WritePin
                0x000000000800479c       0x30 Drivers/STM32WBxx_HAL_Driver/stm32wbxx_hal_gpio.o
                0x000000000800479c                HAL_GPIO_WritePin
 .text.HAL_GPIO_EXTI_IRQHandler
                0x00000000080047cc       0x30 Drivers/STM32WBxx_HAL_Driver/stm32wbxx_hal_gpio.o
                0x00000000080047cc                HAL_GPIO_EXTI_IRQHandler
 .text.HAL_HSEM_IRQHandler
                0x00000000080047fc       0x34 Drivers/STM32WBxx_HAL_Driver/stm32wbxx_hal_hsem.o
                0x00000000080047fc                HAL_HSEM_IRQHandler
 .text.HAL_HSEM_FreeCallback
                0x0000000008004830       0x14 Drivers/STM32WBxx_HAL_Driver/stm32wbxx_hal_hsem.o
                0x0000000008004830                HAL_HSEM_FreeCallback
 .text.HAL_IPCC_Init
                0x0000000008004844       0x64 Drivers/STM32WBxx_HAL_Driver/stm32wbxx_hal_ipcc.o
                0x0000000008004844                HAL_IPCC_Init
 .text.HAL_IPCC_RxCallback
                0x00000000080048a8       0x1a Drivers/STM32WBxx_HAL_Driver/stm32wbxx_hal_ipcc.o
                0x00000000080048a8                HAL_IPCC_RxCallback
 .text.HAL_IPCC_TxCallback
                0x00000000080048c2       0x1a Drivers/STM32WBxx_HAL_Driver/stm32wbxx_hal_ipcc.o
                0x00000000080048c2                HAL_IPCC_TxCallback
 .text.IPCC_SetDefaultCallbacks
                0x00000000080048dc       0x4c Drivers/STM32WBxx_HAL_Driver/stm32wbxx_hal_ipcc.o
                0x00000000080048dc                IPCC_SetDefaultCallbacks
 .text.IPCC_Reset_Register
                0x0000000008004928       0x28 Drivers/STM32WBxx_HAL_Driver/stm32wbxx_hal_ipcc.o
                0x0000000008004928                IPCC_Reset_Register
 .text.HAL_PWR_EnableBkUpAccess
                0x0000000008004950       0x20 Drivers/STM32WBxx_HAL_Driver/stm32wbxx_hal_pwr.o
                0x0000000008004950                HAL_PWR_EnableBkUpAccess
 .text.HAL_PWREx_GetVoltageRange
                0x0000000008004970       0x1c Drivers/STM32WBxx_HAL_Driver/stm32wbxx_hal_pwr_ex.o
                0x0000000008004970                HAL_PWREx_GetVoltageRange
 .text.LL_RCC_HSE_IsEnabledDiv2
                0x000000000800498c       0x24 Drivers/STM32WBxx_HAL_Driver/stm32wbxx_hal_rcc.o
 .text.LL_RCC_HSE_Enable
                0x00000000080049b0       0x1e Drivers/STM32WBxx_HAL_Driver/stm32wbxx_hal_rcc.o
 .text.LL_RCC_HSE_Disable
                0x00000000080049ce       0x1e Drivers/STM32WBxx_HAL_Driver/stm32wbxx_hal_rcc.o
 .text.LL_RCC_HSE_IsReady
                0x00000000080049ec       0x24 Drivers/STM32WBxx_HAL_Driver/stm32wbxx_hal_rcc.o
 .text.LL_RCC_HSI_Enable
                0x0000000008004a10       0x1e Drivers/STM32WBxx_HAL_Driver/stm32wbxx_hal_rcc.o
 .text.LL_RCC_HSI_Disable
                0x0000000008004a2e       0x1e Drivers/STM32WBxx_HAL_Driver/stm32wbxx_hal_rcc.o
 .text.LL_RCC_HSI_IsReady
                0x0000000008004a4c       0x24 Drivers/STM32WBxx_HAL_Driver/stm32wbxx_hal_rcc.o
 .text.LL_RCC_HSI_SetCalibTrimming
                0x0000000008004a70       0x2a Drivers/STM32WBxx_HAL_Driver/stm32wbxx_hal_rcc.o
 .text.LL_RCC_HSI48_Enable
                0x0000000008004a9a       0x22 Drivers/STM32WBxx_HAL_Driver/stm32wbxx_hal_rcc.o
 .text.LL_RCC_HSI48_Disable
                0x0000000008004abc       0x22 Drivers/STM32WBxx_HAL_Driver/stm32wbxx_hal_rcc.o
 .text.LL_RCC_HSI48_IsReady
                0x0000000008004ade       0x24 Drivers/STM32WBxx_HAL_Driver/stm32wbxx_hal_rcc.o
 .text.LL_RCC_LSE_Enable
                0x0000000008004b02       0x22 Drivers/STM32WBxx_HAL_Driver/stm32wbxx_hal_rcc.o
 .text.LL_RCC_LSE_Disable
                0x0000000008004b24       0x22 Drivers/STM32WBxx_HAL_Driver/stm32wbxx_hal_rcc.o
 .text.LL_RCC_LSE_EnableBypass
                0x0000000008004b46       0x22 Drivers/STM32WBxx_HAL_Driver/stm32wbxx_hal_rcc.o
 .text.LL_RCC_LSE_DisableBypass
                0x0000000008004b68       0x22 Drivers/STM32WBxx_HAL_Driver/stm32wbxx_hal_rcc.o
 .text.LL_RCC_LSE_IsReady
                0x0000000008004b8a       0x24 Drivers/STM32WBxx_HAL_Driver/stm32wbxx_hal_rcc.o
 .text.LL_RCC_LSI1_Enable
                0x0000000008004bae       0x22 Drivers/STM32WBxx_HAL_Driver/stm32wbxx_hal_rcc.o
 .text.LL_RCC_LSI1_Disable
                0x0000000008004bd0       0x22 Drivers/STM32WBxx_HAL_Driver/stm32wbxx_hal_rcc.o
 .text.LL_RCC_LSI1_IsReady
                0x0000000008004bf2       0x24 Drivers/STM32WBxx_HAL_Driver/stm32wbxx_hal_rcc.o
 .text.LL_RCC_LSI2_Enable
                0x0000000008004c16       0x22 Drivers/STM32WBxx_HAL_Driver/stm32wbxx_hal_rcc.o
 .text.LL_RCC_LSI2_Disable
                0x0000000008004c38       0x22 Drivers/STM32WBxx_HAL_Driver/stm32wbxx_hal_rcc.o
 .text.LL_RCC_LSI2_IsReady
                0x0000000008004c5a       0x24 Drivers/STM32WBxx_HAL_Driver/stm32wbxx_hal_rcc.o
 .text.LL_RCC_LSI2_SetTrimming
                0x0000000008004c7e       0x2e Drivers/STM32WBxx_HAL_Driver/stm32wbxx_hal_rcc.o
 .text.LL_RCC_MSI_Enable
                0x0000000008004cac       0x1e Drivers/STM32WBxx_HAL_Driver/stm32wbxx_hal_rcc.o
 .text.LL_RCC_MSI_Disable
                0x0000000008004cca       0x1e Drivers/STM32WBxx_HAL_Driver/stm32wbxx_hal_rcc.o
 .text.LL_RCC_MSI_IsReady
                0x0000000008004ce8       0x22 Drivers/STM32WBxx_HAL_Driver/stm32wbxx_hal_rcc.o
 .text.LL_RCC_MSI_SetRange
                0x0000000008004d0a       0x28 Drivers/STM32WBxx_HAL_Driver/stm32wbxx_hal_rcc.o
 .text.LL_RCC_MSI_GetRange
                0x0000000008004d32       0x2a Drivers/STM32WBxx_HAL_Driver/stm32wbxx_hal_rcc.o
 .text.LL_RCC_MSI_SetCalibTrimming
                0x0000000008004d5c       0x2a Drivers/STM32WBxx_HAL_Driver/stm32wbxx_hal_rcc.o
 .text.LL_RCC_SetSysClkSource
                0x0000000008004d86       0x28 Drivers/STM32WBxx_HAL_Driver/stm32wbxx_hal_rcc.o
 .text.LL_RCC_GetSysClkSource
                0x0000000008004dae       0x18 Drivers/STM32WBxx_HAL_Driver/stm32wbxx_hal_rcc.o
 .text.LL_RCC_SetAHBPrescaler
                0x0000000008004dc6       0x28 Drivers/STM32WBxx_HAL_Driver/stm32wbxx_hal_rcc.o
 .text.LL_C2_RCC_SetAHBPrescaler
                0x0000000008004dee       0x2c Drivers/STM32WBxx_HAL_Driver/stm32wbxx_hal_rcc.o
 .text.LL_RCC_SetAHB4Prescaler
                0x0000000008004e1a       0x2e Drivers/STM32WBxx_HAL_Driver/stm32wbxx_hal_rcc.o
 .text.LL_RCC_SetAPB1Prescaler
                0x0000000008004e48       0x28 Drivers/STM32WBxx_HAL_Driver/stm32wbxx_hal_rcc.o
 .text.LL_RCC_SetAPB2Prescaler
                0x0000000008004e70       0x28 Drivers/STM32WBxx_HAL_Driver/stm32wbxx_hal_rcc.o
 .text.LL_RCC_GetAHBPrescaler
                0x0000000008004e98       0x18 Drivers/STM32WBxx_HAL_Driver/stm32wbxx_hal_rcc.o
 .text.LL_RCC_GetAHB4Prescaler
                0x0000000008004eb0       0x1c Drivers/STM32WBxx_HAL_Driver/stm32wbxx_hal_rcc.o
 .text.LL_RCC_GetAPB1Prescaler
                0x0000000008004ecc       0x18 Drivers/STM32WBxx_HAL_Driver/stm32wbxx_hal_rcc.o
 .text.LL_RCC_GetAPB2Prescaler
                0x0000000008004ee4       0x18 Drivers/STM32WBxx_HAL_Driver/stm32wbxx_hal_rcc.o
 .text.LL_RCC_PLL_Enable
                0x0000000008004efc       0x1e Drivers/STM32WBxx_HAL_Driver/stm32wbxx_hal_rcc.o
 .text.LL_RCC_PLL_Disable
                0x0000000008004f1a       0x1e Drivers/STM32WBxx_HAL_Driver/stm32wbxx_hal_rcc.o
 .text.LL_RCC_PLL_IsReady
                0x0000000008004f38       0x24 Drivers/STM32WBxx_HAL_Driver/stm32wbxx_hal_rcc.o
 .text.LL_RCC_PLL_GetN
                0x0000000008004f5c       0x1a Drivers/STM32WBxx_HAL_Driver/stm32wbxx_hal_rcc.o
 .text.LL_RCC_PLL_GetR
                0x0000000008004f76       0x18 Drivers/STM32WBxx_HAL_Driver/stm32wbxx_hal_rcc.o
 .text.LL_RCC_PLL_GetDivider
                0x0000000008004f8e       0x18 Drivers/STM32WBxx_HAL_Driver/stm32wbxx_hal_rcc.o
 .text.LL_RCC_PLL_GetMainSource
                0x0000000008004fa6       0x18 Drivers/STM32WBxx_HAL_Driver/stm32wbxx_hal_rcc.o
 .text.LL_RCC_IsActiveFlag_HPRE
                0x0000000008004fbe       0x24 Drivers/STM32WBxx_HAL_Driver/stm32wbxx_hal_rcc.o
 .text.LL_RCC_IsActiveFlag_C2HPRE
                0x0000000008004fe2       0x26 Drivers/STM32WBxx_HAL_Driver/stm32wbxx_hal_rcc.o
 .text.LL_RCC_IsActiveFlag_SHDHPRE
                0x0000000008005008       0x26 Drivers/STM32WBxx_HAL_Driver/stm32wbxx_hal_rcc.o
 .text.LL_RCC_IsActiveFlag_PPRE1
                0x000000000800502e       0x24 Drivers/STM32WBxx_HAL_Driver/stm32wbxx_hal_rcc.o
 .text.LL_RCC_IsActiveFlag_PPRE2
                0x0000000008005052       0x24 Drivers/STM32WBxx_HAL_Driver/stm32wbxx_hal_rcc.o
 *fill*         0x0000000008005076        0x2 
 .text.HAL_RCC_OscConfig
                0x0000000008005078      0x718 Drivers/STM32WBxx_HAL_Driver/stm32wbxx_hal_rcc.o
                0x0000000008005078                HAL_RCC_OscConfig
 .text.HAL_RCC_ClockConfig
                0x0000000008005790      0x280 Drivers/STM32WBxx_HAL_Driver/stm32wbxx_hal_rcc.o
                0x0000000008005790                HAL_RCC_ClockConfig
 .text.HAL_RCC_GetSysClockFreq
                0x0000000008005a10       0xd8 Drivers/STM32WBxx_HAL_Driver/stm32wbxx_hal_rcc.o
                0x0000000008005a10                HAL_RCC_GetSysClockFreq
 .text.HAL_RCC_GetHCLKFreq
                0x0000000008005ae8       0x28 Drivers/STM32WBxx_HAL_Driver/stm32wbxx_hal_rcc.o
                0x0000000008005ae8                HAL_RCC_GetHCLKFreq
 .text.HAL_RCC_GetPCLK1Freq
                0x0000000008005b10       0x2c Drivers/STM32WBxx_HAL_Driver/stm32wbxx_hal_rcc.o
                0x0000000008005b10                HAL_RCC_GetPCLK1Freq
 .text.HAL_RCC_GetPCLK2Freq
                0x0000000008005b3c       0x2c Drivers/STM32WBxx_HAL_Driver/stm32wbxx_hal_rcc.o
                0x0000000008005b3c                HAL_RCC_GetPCLK2Freq
 .text.RCC_SetFlashLatencyFromMSIRange
                0x0000000008005b68       0x70 Drivers/STM32WBxx_HAL_Driver/stm32wbxx_hal_rcc.o
 .text.RCC_SetFlashLatency
                0x0000000008005bd8      0x100 Drivers/STM32WBxx_HAL_Driver/stm32wbxx_hal_rcc.o
 .text.LL_RCC_LSE_IsEnabled
                0x0000000008005cd8       0x24 Drivers/STM32WBxx_HAL_Driver/stm32wbxx_hal_rcc_ex.o
 .text.LL_RCC_LSE_IsReady
                0x0000000008005cfc       0x24 Drivers/STM32WBxx_HAL_Driver/stm32wbxx_hal_rcc_ex.o
 .text.LL_RCC_SetRFWKPClockSource
                0x0000000008005d20       0x2c Drivers/STM32WBxx_HAL_Driver/stm32wbxx_hal_rcc_ex.o
 .text.LL_RCC_SetSMPSClockSource
                0x0000000008005d4c       0x28 Drivers/STM32WBxx_HAL_Driver/stm32wbxx_hal_rcc_ex.o
 .text.LL_RCC_SetSMPSPrescaler
                0x0000000008005d74       0x28 Drivers/STM32WBxx_HAL_Driver/stm32wbxx_hal_rcc_ex.o
 .text.LL_RCC_SetUSARTClockSource
                0x0000000008005d9c       0x2c Drivers/STM32WBxx_HAL_Driver/stm32wbxx_hal_rcc_ex.o
 .text.LL_RCC_SetLPUARTClockSource
                0x0000000008005dc8       0x2c Drivers/STM32WBxx_HAL_Driver/stm32wbxx_hal_rcc_ex.o
 .text.LL_RCC_SetI2CClockSource
                0x0000000008005df4       0x3a Drivers/STM32WBxx_HAL_Driver/stm32wbxx_hal_rcc_ex.o
 .text.LL_RCC_SetLPTIMClockSource
                0x0000000008005e2e       0x34 Drivers/STM32WBxx_HAL_Driver/stm32wbxx_hal_rcc_ex.o
 .text.LL_RCC_SetSAIClockSource
                0x0000000008005e62       0x2c Drivers/STM32WBxx_HAL_Driver/stm32wbxx_hal_rcc_ex.o
 .text.LL_RCC_SetRNGClockSource
                0x0000000008005e8e       0x2c Drivers/STM32WBxx_HAL_Driver/stm32wbxx_hal_rcc_ex.o
 .text.LL_RCC_SetCLK48ClockSource
                0x0000000008005eba       0x2c Drivers/STM32WBxx_HAL_Driver/stm32wbxx_hal_rcc_ex.o
 .text.LL_RCC_SetUSBClockSource
                0x0000000008005ee6       0x16 Drivers/STM32WBxx_HAL_Driver/stm32wbxx_hal_rcc_ex.o
 .text.LL_RCC_SetADCClockSource
                0x0000000008005efc       0x2c Drivers/STM32WBxx_HAL_Driver/stm32wbxx_hal_rcc_ex.o
 .text.LL_RCC_SetRTCClockSource
                0x0000000008005f28       0x2c Drivers/STM32WBxx_HAL_Driver/stm32wbxx_hal_rcc_ex.o
 .text.LL_RCC_GetRTCClockSource
                0x0000000008005f54       0x1a Drivers/STM32WBxx_HAL_Driver/stm32wbxx_hal_rcc_ex.o
 .text.LL_RCC_ForceBackupDomainReset
                0x0000000008005f6e       0x22 Drivers/STM32WBxx_HAL_Driver/stm32wbxx_hal_rcc_ex.o
 .text.LL_RCC_ReleaseBackupDomainReset
                0x0000000008005f90       0x22 Drivers/STM32WBxx_HAL_Driver/stm32wbxx_hal_rcc_ex.o
 .text.LL_RCC_PLLSAI1_Enable
                0x0000000008005fb2       0x1e Drivers/STM32WBxx_HAL_Driver/stm32wbxx_hal_rcc_ex.o
 .text.LL_RCC_PLLSAI1_Disable
                0x0000000008005fd0       0x1e Drivers/STM32WBxx_HAL_Driver/stm32wbxx_hal_rcc_ex.o
 .text.LL_RCC_PLLSAI1_IsReady
                0x0000000008005fee       0x24 Drivers/STM32WBxx_HAL_Driver/stm32wbxx_hal_rcc_ex.o
 .text.HAL_RCCEx_PeriphCLKConfig
                0x0000000008006012      0x2ec Drivers/STM32WBxx_HAL_Driver/stm32wbxx_hal_rcc_ex.o
                0x0000000008006012                HAL_RCCEx_PeriphCLKConfig
 .text.RCCEx_PLLSAI1_ConfigNP
                0x00000000080062fe       0xb6 Drivers/STM32WBxx_HAL_Driver/stm32wbxx_hal_rcc_ex.o
 .text.RCCEx_PLLSAI1_ConfigNQ
                0x00000000080063b4       0xb6 Drivers/STM32WBxx_HAL_Driver/stm32wbxx_hal_rcc_ex.o
 .text.RCCEx_PLLSAI1_ConfigNR
                0x000000000800646a       0xb6 Drivers/STM32WBxx_HAL_Driver/stm32wbxx_hal_rcc_ex.o
 .text.HAL_RTC_Init
                0x0000000008006520      0x13c Drivers/STM32WBxx_HAL_Driver/stm32wbxx_hal_rtc.o
                0x0000000008006520                HAL_RTC_Init
 .text.HAL_RTC_WaitForSynchro
                0x000000000800665c       0x4c Drivers/STM32WBxx_HAL_Driver/stm32wbxx_hal_rtc.o
                0x000000000800665c                HAL_RTC_WaitForSynchro
 .text.RTC_EnterInitMode
                0x00000000080066a8       0x54 Drivers/STM32WBxx_HAL_Driver/stm32wbxx_hal_rtc.o
                0x00000000080066a8                RTC_EnterInitMode
 .text.HAL_RTCEx_EnableBypassShadow
                0x00000000080066fc       0x6c Drivers/STM32WBxx_HAL_Driver/stm32wbxx_hal_rtc_ex.o
                0x00000000080066fc                HAL_RTCEx_EnableBypassShadow
 .text.LL_RCC_GetUSARTClockSource
                0x0000000008006768       0x20 Drivers/STM32WBxx_HAL_Driver/stm32wbxx_hal_uart.o
 .text.LL_RCC_GetLPUARTClockSource
                0x0000000008006788       0x20 Drivers/STM32WBxx_HAL_Driver/stm32wbxx_hal_uart.o
 .text.HAL_UART_Init
                0x00000000080067a8       0xa0 Drivers/STM32WBxx_HAL_Driver/stm32wbxx_hal_uart.o
                0x00000000080067a8                HAL_UART_Init
 .text.HAL_UART_Transmit_DMA
                0x0000000008006848      0x100 Drivers/STM32WBxx_HAL_Driver/stm32wbxx_hal_uart.o
                0x0000000008006848                HAL_UART_Transmit_DMA
 .text.HAL_UART_IRQHandler
                0x0000000008006948      0x468 Drivers/STM32WBxx_HAL_Driver/stm32wbxx_hal_uart.o
                0x0000000008006948                HAL_UART_IRQHandler
 .text.HAL_UART_TxHalfCpltCallback
                0x0000000008006db0       0x14 Drivers/STM32WBxx_HAL_Driver/stm32wbxx_hal_uart.o
                0x0000000008006db0                HAL_UART_TxHalfCpltCallback
 .text.HAL_UART_ErrorCallback
                0x0000000008006dc4       0x14 Drivers/STM32WBxx_HAL_Driver/stm32wbxx_hal_uart.o
                0x0000000008006dc4                HAL_UART_ErrorCallback
 .text.HAL_UARTEx_RxEventCallback
                0x0000000008006dd8       0x18 Drivers/STM32WBxx_HAL_Driver/stm32wbxx_hal_uart.o
                0x0000000008006dd8                HAL_UARTEx_RxEventCallback
 .text.UART_SetConfig
                0x0000000008006df0      0x40c Drivers/STM32WBxx_HAL_Driver/stm32wbxx_hal_uart.o
                0x0000000008006df0                UART_SetConfig
 .text.UART_AdvFeatureConfig
                0x00000000080071fc      0x144 Drivers/STM32WBxx_HAL_Driver/stm32wbxx_hal_uart.o
                0x00000000080071fc                UART_AdvFeatureConfig
 .text.UART_CheckIdleState
                0x0000000008007340       0x96 Drivers/STM32WBxx_HAL_Driver/stm32wbxx_hal_uart.o
                0x0000000008007340                UART_CheckIdleState
 .text.UART_WaitOnFlagUntilTimeout
                0x00000000080073d6      0x100 Drivers/STM32WBxx_HAL_Driver/stm32wbxx_hal_uart.o
                0x00000000080073d6                UART_WaitOnFlagUntilTimeout
 .text.UART_EndTxTransfer
                0x00000000080074d6       0x3c Drivers/STM32WBxx_HAL_Driver/stm32wbxx_hal_uart.o
 .text.UART_EndRxTransfer
                0x0000000008007512       0x64 Drivers/STM32WBxx_HAL_Driver/stm32wbxx_hal_uart.o
 .text.UART_DMATransmitCplt
                0x0000000008007576       0x54 Drivers/STM32WBxx_HAL_Driver/stm32wbxx_hal_uart.o
 .text.UART_DMATxHalfCplt
                0x00000000080075ca       0x1c Drivers/STM32WBxx_HAL_Driver/stm32wbxx_hal_uart.o
 .text.UART_DMAError
                0x00000000080075e6       0x80 Drivers/STM32WBxx_HAL_Driver/stm32wbxx_hal_uart.o
 .text.UART_DMAAbortOnError
                0x0000000008007666       0x2c Drivers/STM32WBxx_HAL_Driver/stm32wbxx_hal_uart.o
 .text.UART_EndTransmit_IT
                0x0000000008007692       0x34 Drivers/STM32WBxx_HAL_Driver/stm32wbxx_hal_uart.o
 .text.HAL_UARTEx_WakeupCallback
                0x00000000080076c6       0x14 Drivers/STM32WBxx_HAL_Driver/stm32wbxx_hal_uart_ex.o
                0x00000000080076c6                HAL_UARTEx_WakeupCallback
 .text.HAL_UARTEx_RxFifoFullCallback
                0x00000000080076da       0x14 Drivers/STM32WBxx_HAL_Driver/stm32wbxx_hal_uart_ex.o
                0x00000000080076da                HAL_UARTEx_RxFifoFullCallback
 .text.HAL_UARTEx_TxFifoEmptyCallback
                0x00000000080076ee       0x14 Drivers/STM32WBxx_HAL_Driver/stm32wbxx_hal_uart_ex.o
                0x00000000080076ee                HAL_UARTEx_TxFifoEmptyCallback
 .text.HAL_UARTEx_DisableFifoMode
                0x0000000008007702       0x72 Drivers/STM32WBxx_HAL_Driver/stm32wbxx_hal_uart_ex.o
                0x0000000008007702                HAL_UARTEx_DisableFifoMode
 .text.HAL_UARTEx_SetTxFifoThreshold
                0x0000000008007774       0x7c Drivers/STM32WBxx_HAL_Driver/stm32wbxx_hal_uart_ex.o
                0x0000000008007774                HAL_UARTEx_SetTxFifoThreshold
 .text.HAL_UARTEx_SetRxFifoThreshold
                0x00000000080077f0       0x7c Drivers/STM32WBxx_HAL_Driver/stm32wbxx_hal_uart_ex.o
                0x00000000080077f0                HAL_UARTEx_SetRxFifoThreshold
 .text.UARTEx_SetNbDataToProcess
                0x000000000800786c       0x9c Drivers/STM32WBxx_HAL_Driver/stm32wbxx_hal_uart_ex.o
 .text.aci_gap_set_non_discoverable
                0x0000000008007908       0x48 Middlewares/STM32_WPAN/ble_gap_aci.o
                0x0000000008007908                aci_gap_set_non_discoverable
 .text.aci_gap_set_discoverable
                0x0000000008007950      0x1bc Middlewares/STM32_WPAN/ble_gap_aci.o
                0x0000000008007950                aci_gap_set_discoverable
 .text.aci_gap_set_io_capability
                0x0000000008007b0c       0x94 Middlewares/STM32_WPAN/ble_gap_aci.o
                0x0000000008007b0c                aci_gap_set_io_capability
 .text.aci_gap_set_authentication_requirement
                0x0000000008007ba0      0x150 Middlewares/STM32_WPAN/ble_gap_aci.o
                0x0000000008007ba0                aci_gap_set_authentication_requirement
 .text.aci_gap_init
                0x0000000008007cf0      0x116 Middlewares/STM32_WPAN/ble_gap_aci.o
                0x0000000008007cf0                aci_gap_init
 .text.aci_gap_update_adv_data
                0x0000000008007e06       0xb8 Middlewares/STM32_WPAN/ble_gap_aci.o
                0x0000000008007e06                aci_gap_update_adv_data
 .text.aci_gap_configure_whitelist
                0x0000000008007ebe       0x48 Middlewares/STM32_WPAN/ble_gap_aci.o
                0x0000000008007ebe                aci_gap_configure_whitelist
 .text.aci_gap_allow_rebond
                0x0000000008007f06       0x94 Middlewares/STM32_WPAN/ble_gap_aci.o
                0x0000000008007f06                aci_gap_allow_rebond
 .text.aci_gap_numeric_comparison_value_confirm_yesno
                0x0000000008007f9a       0xae Middlewares/STM32_WPAN/ble_gap_aci.o
                0x0000000008007f9a                aci_gap_numeric_comparison_value_confirm_yesno
 .text.aci_gatt_init
                0x0000000008008048       0x4a Middlewares/STM32_WPAN/ble_gatt_aci.o
                0x0000000008008048                aci_gatt_init
 .text.aci_gatt_add_service
                0x0000000008008092      0x15e Middlewares/STM32_WPAN/ble_gatt_aci.o
                0x0000000008008092                aci_gatt_add_service
 .text.aci_gatt_add_char
                0x00000000080081f0      0x1d4 Middlewares/STM32_WPAN/ble_gatt_aci.o
                0x00000000080081f0                aci_gatt_add_char
 .text.aci_gatt_update_char_value
                0x00000000080083c4      0x10e Middlewares/STM32_WPAN/ble_gatt_aci.o
                0x00000000080083c4                aci_gatt_update_char_value
 .text.aci_hal_write_config_data
                0x00000000080084d2       0xd2 Middlewares/STM32_WPAN/ble_hal_aci.o
                0x00000000080084d2                aci_hal_write_config_data
 .text.aci_hal_set_tx_power_level
                0x00000000080085a4       0xae Middlewares/STM32_WPAN/ble_hal_aci.o
                0x00000000080085a4                aci_hal_set_tx_power_level
 .text.aci_hal_set_radio_activity_mask
                0x0000000008008652       0x94 Middlewares/STM32_WPAN/ble_hal_aci.o
                0x0000000008008652                aci_hal_set_radio_activity_mask
 .text.hci_reset
                0x00000000080086e6       0x48 Middlewares/STM32_WPAN/ble_hci_le.o
                0x00000000080086e6                hci_reset
 .text.hci_le_read_phy
                0x000000000800872e       0xd0 Middlewares/STM32_WPAN/ble_hci_le.o
                0x000000000800872e                hci_le_read_phy
 .text.hci_le_set_default_phy
                0x00000000080087fe       0xce Middlewares/STM32_WPAN/ble_hci_le.o
                0x00000000080087fe                hci_le_set_default_phy
 .text.aci_l2cap_connection_parameter_update_req
                0x00000000080088cc      0x106 Middlewares/STM32_WPAN/ble_l2cap_aci.o
                0x00000000080088cc                aci_l2cap_connection_parameter_update_req
 *fill*         0x00000000080089d2        0x2 
 .text.DbgTrace_TxCpltCallback
                0x00000000080089d4       0x70 Middlewares/STM32_WPAN/dbg_trace.o
 .text.DbgTraceInit
                0x0000000008008a44       0x2c Middlewares/STM32_WPAN/dbg_trace.o
                0x0000000008008a44                DbgTraceInit
 .text._write   0x0000000008008a70       0x20 Middlewares/STM32_WPAN/dbg_trace.o
                0x0000000008008a70                _write
 .text.DbgTraceWrite
                0x0000000008008a90       0xb0 Middlewares/STM32_WPAN/dbg_trace.o
                0x0000000008008a90                DbgTraceWrite
 .text.hci_init
                0x0000000008008b40       0x38 Middlewares/STM32_WPAN/hci_tl.o
                0x0000000008008b40                hci_init
 .text.hci_user_evt_proc
                0x0000000008008b78       0x9c Middlewares/STM32_WPAN/hci_tl.o
                0x0000000008008b78                hci_user_evt_proc
 .text.hci_send_req
                0x0000000008008c14       0xfc Middlewares/STM32_WPAN/hci_tl.o
                0x0000000008008c14                hci_send_req
 .text.TlInit   0x0000000008008d10       0x60 Middlewares/STM32_WPAN/hci_tl.o
 .text.SendCmd  0x0000000008008d70       0x4c Middlewares/STM32_WPAN/hci_tl.o
 .text.NotifyCmdStatus
                0x0000000008008dbc       0x40 Middlewares/STM32_WPAN/hci_tl.o
 .text.TlEvtReceived
                0x0000000008008dfc       0x48 Middlewares/STM32_WPAN/hci_tl.o
 .text.hci_register_io_bus
                0x0000000008008e44       0x28 Middlewares/STM32_WPAN/hci_tl_if.o
                0x0000000008008e44                hci_register_io_bus
 .text.Osal_MemCpy
                0x0000000008008e6c       0x20 Middlewares/STM32_WPAN/osal.o
                0x0000000008008e6c                Osal_MemCpy
 .text.Osal_MemSet
                0x0000000008008e8c       0x20 Middlewares/STM32_WPAN/osal.o
                0x0000000008008e8c                Osal_MemSet
 .text.OTP_Read
                0x0000000008008eac       0x50 Middlewares/STM32_WPAN/otp.o
                0x0000000008008eac                OTP_Read
 .text.PeerToPeer_Event_Handler
                0x0000000008008efc       0xd4 Middlewares/STM32_WPAN/p2p_stm.o
 .text.P2PS_STM_Init
                0x0000000008008fd0      0x140 Middlewares/STM32_WPAN/p2p_stm.o
                0x0000000008008fd0                P2PS_STM_Init
 .text.P2PS_STM_App_Update_Char
                0x0000000008009110       0x44 Middlewares/STM32_WPAN/p2p_stm.o
                0x0000000008009110                P2PS_STM_App_Update_Char
 .text.SHCI_C2_BLE_Init
                0x0000000008009154       0x2e Middlewares/STM32_WPAN/shci.o
                0x0000000008009154                SHCI_C2_BLE_Init
 .text.SHCI_C2_DEBUG_Init
                0x0000000008009182       0x2e Middlewares/STM32_WPAN/shci.o
                0x0000000008009182                SHCI_C2_DEBUG_Init
 .text.shci_init
                0x00000000080091b0       0x38 Middlewares/STM32_WPAN/shci_tl.o
                0x00000000080091b0                shci_init
 .text.shci_user_evt_proc
                0x00000000080091e8       0x9c Middlewares/STM32_WPAN/shci_tl.o
                0x00000000080091e8                shci_user_evt_proc
 .text.shci_send
                0x0000000008009284       0x7c Middlewares/STM32_WPAN/shci_tl.o
                0x0000000008009284                shci_send
 .text.TlInit   0x0000000008009300       0x64 Middlewares/STM32_WPAN/shci_tl.o
 .text.Cmd_SetStatus
                0x0000000008009364       0x50 Middlewares/STM32_WPAN/shci_tl.o
 .text.TlCmdEvtReceived
                0x00000000080093b4       0x16 Middlewares/STM32_WPAN/shci_tl.o
 *fill*         0x00000000080093ca        0x2 
 .text.TlUserEvtReceived
                0x00000000080093cc       0x24 Middlewares/STM32_WPAN/shci_tl.o
 .text.shci_register_io_bus
                0x00000000080093f0       0x28 Middlewares/STM32_WPAN/shci_tl_if.o
                0x00000000080093f0                shci_register_io_bus
 .text.LST_init_head
                0x0000000008009418       0x20 Middlewares/STM32_WPAN/stm_list.o
                0x0000000008009418                LST_init_head
 .text.LST_is_empty
                0x0000000008009438       0x44 Middlewares/STM32_WPAN/stm_list.o
                0x0000000008009438                LST_is_empty
 .text.LST_insert_head
                0x000000000800947c       0x4c Middlewares/STM32_WPAN/stm_list.o
                0x000000000800947c                LST_insert_head
 .text.LST_insert_tail
                0x00000000080094c8       0x4c Middlewares/STM32_WPAN/stm_list.o
                0x00000000080094c8                LST_insert_tail
 .text.LST_remove_node
                0x0000000008009514       0x42 Middlewares/STM32_WPAN/stm_list.o
                0x0000000008009514                LST_remove_node
 .text.LST_remove_head
                0x0000000008009556       0x3e Middlewares/STM32_WPAN/stm_list.o
                0x0000000008009556                LST_remove_head
 .text.CircularQueue_Init
                0x0000000008009594       0x64 Middlewares/STM32_WPAN/stm_queue.o
                0x0000000008009594                CircularQueue_Init
 .text.CircularQueue_Add
                0x00000000080095f8      0x44e Middlewares/STM32_WPAN/stm_queue.o
                0x00000000080095f8                CircularQueue_Add
 .text.CircularQueue_Remove
                0x0000000008009a46      0x1e8 Middlewares/STM32_WPAN/stm_queue.o
                0x0000000008009a46                CircularQueue_Remove
 .text.CircularQueue_Sense
                0x0000000008009c2e      0x16a Middlewares/STM32_WPAN/stm_queue.o
                0x0000000008009c2e                CircularQueue_Sense
 .text.BAS_Init
                0x0000000008009d98        0xe Middlewares/STM32_WPAN/svc_ctl.o
                0x0000000008009d98                BAS_Init
 .text.BLS_Init
                0x0000000008009da6        0xe Middlewares/STM32_WPAN/svc_ctl.o
                0x0000000008009da6                BLS_Init
 .text.CRS_STM_Init
                0x0000000008009db4        0xe Middlewares/STM32_WPAN/svc_ctl.o
                0x0000000008009db4                CRS_STM_Init
 .text.DIS_Init
                0x0000000008009dc2        0xe Middlewares/STM32_WPAN/svc_ctl.o
                0x0000000008009dc2                DIS_Init
 .text.EDS_STM_Init
                0x0000000008009dd0        0xe Middlewares/STM32_WPAN/svc_ctl.o
                0x0000000008009dd0                EDS_STM_Init
 .text.HIDS_Init
                0x0000000008009dde        0xe Middlewares/STM32_WPAN/svc_ctl.o
                0x0000000008009dde                HIDS_Init
 .text.HRS_Init
                0x0000000008009dec        0xe Middlewares/STM32_WPAN/svc_ctl.o
                0x0000000008009dec                HRS_Init
 .text.HTS_Init
                0x0000000008009dfa        0xe Middlewares/STM32_WPAN/svc_ctl.o
                0x0000000008009dfa                HTS_Init
 .text.IAS_Init
                0x0000000008009e08        0xe Middlewares/STM32_WPAN/svc_ctl.o
                0x0000000008009e08                IAS_Init
 .text.LLS_Init
                0x0000000008009e16        0xe Middlewares/STM32_WPAN/svc_ctl.o
                0x0000000008009e16                LLS_Init
 .text.TPS_Init
                0x0000000008009e24        0xe Middlewares/STM32_WPAN/svc_ctl.o
                0x0000000008009e24                TPS_Init
 .text.MOTENV_STM_Init
                0x0000000008009e32        0xe Middlewares/STM32_WPAN/svc_ctl.o
                0x0000000008009e32                MOTENV_STM_Init
 .text.OTAS_STM_Init
                0x0000000008009e40        0xe Middlewares/STM32_WPAN/svc_ctl.o
                0x0000000008009e40                OTAS_STM_Init
 .text.MESH_Init
                0x0000000008009e4e        0xe Middlewares/STM32_WPAN/svc_ctl.o
                0x0000000008009e4e                MESH_Init
 .text.BVOPUS_STM_Init
                0x0000000008009e5c        0xe Middlewares/STM32_WPAN/svc_ctl.o
                0x0000000008009e5c                BVOPUS_STM_Init
 .text.SVCCTL_InitCustomSvc
                0x0000000008009e6a        0xe Middlewares/STM32_WPAN/svc_ctl.o
                0x0000000008009e6a                SVCCTL_InitCustomSvc
 .text.SVCCTL_Init
                0x0000000008009e78       0x20 Middlewares/STM32_WPAN/svc_ctl.o
                0x0000000008009e78                SVCCTL_Init
 .text.SVCCTL_SvcInit
                0x0000000008009e98       0x4c Middlewares/STM32_WPAN/svc_ctl.o
                0x0000000008009e98                SVCCTL_SvcInit
 .text.SVCCTL_RegisterSvcHandler
                0x0000000008009ee4       0x34 Middlewares/STM32_WPAN/svc_ctl.o
                0x0000000008009ee4                SVCCTL_RegisterSvcHandler
 .text.SVCCTL_UserEvtRx
                0x0000000008009f18       0xa8 Middlewares/STM32_WPAN/svc_ctl.o
                0x0000000008009f18                SVCCTL_UserEvtRx
 .text.TL_Enable
                0x0000000008009fc0        0xc Middlewares/STM32_WPAN/tl_mbox.o
                0x0000000008009fc0                TL_Enable
 .text.TL_Init  0x0000000008009fcc       0x74 Middlewares/STM32_WPAN/tl_mbox.o
                0x0000000008009fcc                TL_Init
 .text.TL_BLE_Init
                0x000000000800a040       0x68 Middlewares/STM32_WPAN/tl_mbox.o
                0x000000000800a040                TL_BLE_Init
 .text.TL_BLE_SendCmd
                0x000000000800a0a8       0x38 Middlewares/STM32_WPAN/tl_mbox.o
                0x000000000800a0a8                TL_BLE_SendCmd
 .text.HW_IPCC_BLE_RxEvtNot
                0x000000000800a0e0       0x60 Middlewares/STM32_WPAN/tl_mbox.o
                0x000000000800a0e0                HW_IPCC_BLE_RxEvtNot
 .text.HW_IPCC_BLE_AclDataAckNot
                0x000000000800a140       0x14 Middlewares/STM32_WPAN/tl_mbox.o
                0x000000000800a140                HW_IPCC_BLE_AclDataAckNot
 .text.TL_SYS_Init
                0x000000000800a154       0x54 Middlewares/STM32_WPAN/tl_mbox.o
                0x000000000800a154                TL_SYS_Init
 .text.TL_SYS_SendCmd
                0x000000000800a1a8       0x38 Middlewares/STM32_WPAN/tl_mbox.o
                0x000000000800a1a8                TL_SYS_SendCmd
 .text.HW_IPCC_SYS_CmdEvtNot
                0x000000000800a1e0       0x2c Middlewares/STM32_WPAN/tl_mbox.o
                0x000000000800a1e0                HW_IPCC_SYS_CmdEvtNot
 .text.HW_IPCC_SYS_EvtNot
                0x000000000800a20c       0x44 Middlewares/STM32_WPAN/tl_mbox.o
                0x000000000800a20c                HW_IPCC_SYS_EvtNot
 .text.TL_MM_Init
                0x000000000800a250       0x78 Middlewares/STM32_WPAN/tl_mbox.o
                0x000000000800a250                TL_MM_Init
 .text.TL_MM_EvtDone
                0x000000000800a2c8       0x30 Middlewares/STM32_WPAN/tl_mbox.o
                0x000000000800a2c8                TL_MM_EvtDone
 .text.SendFreeBuf
                0x000000000800a2f8       0x40 Middlewares/STM32_WPAN/tl_mbox.o
 .text.TL_TRACES_Init
                0x000000000800a338       0x24 Middlewares/STM32_WPAN/tl_mbox.o
                0x000000000800a338                TL_TRACES_Init
 .text.HW_IPCC_TRACES_EvtNot
                0x000000000800a35c       0x34 Middlewares/STM32_WPAN/tl_mbox.o
                0x000000000800a35c                HW_IPCC_TRACES_EvtNot
 .text.TL_TRACES_EvtReceived
                0x000000000800a390       0x14 Middlewares/STM32_WPAN/tl_mbox.o
                0x000000000800a390                TL_TRACES_EvtReceived
 .text.OutputDbgTrace
                0x000000000800a3a4       0xac Middlewares/STM32_WPAN/tl_mbox.o
 .text.UTIL_LPM_Init
                0x000000000800a450       0x24 Utilities/stm32_lpm.o
                0x000000000800a450                UTIL_LPM_Init
 .text.UTIL_LPM_SetOffMode
                0x000000000800a474       0x60 Utilities/stm32_lpm.o
                0x000000000800a474                UTIL_LPM_SetOffMode
 .text.UTIL_SEQ_Run
                0x000000000800a4d4      0x1c8 Utilities/stm32_seq.o
                0x000000000800a4d4                UTIL_SEQ_Run
 .text.UTIL_SEQ_RegTask
                0x000000000800a69c       0x44 Utilities/stm32_seq.o
                0x000000000800a69c                UTIL_SEQ_RegTask
 .text.UTIL_SEQ_SetTask
                0x000000000800a6e0       0x58 Utilities/stm32_seq.o
                0x000000000800a6e0                UTIL_SEQ_SetTask
 .text.UTIL_SEQ_PauseTask
                0x000000000800a738       0x40 Utilities/stm32_seq.o
                0x000000000800a738                UTIL_SEQ_PauseTask
 .text.UTIL_SEQ_ResumeTask
                0x000000000800a778       0x40 Utilities/stm32_seq.o
                0x000000000800a778                UTIL_SEQ_ResumeTask
 .text.UTIL_SEQ_SetEvt
                0x000000000800a7b8       0x40 Utilities/stm32_seq.o
                0x000000000800a7b8                UTIL_SEQ_SetEvt
 .text.UTIL_SEQ_WaitEvt
                0x000000000800a7f8       0x84 Utilities/stm32_seq.o
                0x000000000800a7f8                UTIL_SEQ_WaitEvt
 .text.UTIL_SEQ_PreIdle
                0x000000000800a87c        0xe Utilities/stm32_seq.o
                0x000000000800a87c                UTIL_SEQ_PreIdle
 .text.UTIL_SEQ_PostIdle
                0x000000000800a88a        0xe Utilities/stm32_seq.o
                0x000000000800a88a                UTIL_SEQ_PostIdle
 .text.SEQ_BitPosition
                0x000000000800a898       0x74 Utilities/stm32_seq.o
                0x000000000800a898                SEQ_BitPosition
 .text.__errno  0x000000000800a90c        0xc c:/st/stm32cubeide_1.6.0/stm32cubeide/plugins/com.st.stm32cube.ide.mcu.externaltools.gnu-tools-for-stm32.9-2020-q2-update.win32_1.5.0.202011040924/tools/bin/../lib/gcc/arm-none-eabi/9.3.1/../../../../arm-none-eabi/lib/thumb/v7e-m+fp/hard\libc_nano.a(lib_a-errno.o)
                0x000000000800a90c                __errno
 .text.__libc_init_array
                0x000000000800a918       0x48 c:/st/stm32cubeide_1.6.0/stm32cubeide/plugins/com.st.stm32cube.ide.mcu.externaltools.gnu-tools-for-stm32.9-2020-q2-update.win32_1.5.0.202011040924/tools/bin/../lib/gcc/arm-none-eabi/9.3.1/../../../../arm-none-eabi/lib/thumb/v7e-m+fp/hard\libc_nano.a(lib_a-init.o)
                0x000000000800a918                __libc_init_array
 .text.memcpy   0x000000000800a960       0x1c c:/st/stm32cubeide_1.6.0/stm32cubeide/plugins/com.st.stm32cube.ide.mcu.externaltools.gnu-tools-for-stm32.9-2020-q2-update.win32_1.5.0.202011040924/tools/bin/../lib/gcc/arm-none-eabi/9.3.1/../../../../arm-none-eabi/lib/thumb/v7e-m+fp/hard\libc_nano.a(lib_a-memcpy-stub.o)
                0x000000000800a960                memcpy
 .text.memset   0x000000000800a97c       0x10 c:/st/stm32cubeide_1.6.0/stm32cubeide/plugins/com.st.stm32cube.ide.mcu.externaltools.gnu-tools-for-stm32.9-2020-q2-update.win32_1.5.0.202011040924/tools/bin/../lib/gcc/arm-none-eabi/9.3.1/../../../../arm-none-eabi/lib/thumb/v7e-m+fp/hard\libc_nano.a(lib_a-memset.o)
                0x000000000800a97c                memset
 .text.printf   0x000000000800a98c       0x30 c:/st/stm32cubeide_1.6.0/stm32cubeide/plugins/com.st.stm32cube.ide.mcu.externaltools.gnu-tools-for-stm32.9-2020-q2-update.win32_1.5.0.202011040924/tools/bin/../lib/gcc/arm-none-eabi/9.3.1/../../../../arm-none-eabi/lib/thumb/v7e-m+fp/hard\libc_nano.a(lib_a-printf.o)
                0x000000000800a98c                iprintf
                0x000000000800a98c                printf
 .text._puts_r  0x000000000800a9bc       0xdc c:/st/stm32cubeide_1.6.0/stm32cubeide/plugins/com.st.stm32cube.ide.mcu.externaltools.gnu-tools-for-stm32.9-2020-q2-update.win32_1.5.0.202011040924/tools/bin/../lib/gcc/arm-none-eabi/9.3.1/../../../../arm-none-eabi/lib/thumb/v7e-m+fp/hard\libc_nano.a(lib_a-puts.o)
                0x000000000800a9bc                _puts_r
 .text.puts     0x000000000800aa98       0x10 c:/st/stm32cubeide_1.6.0/stm32cubeide/plugins/com.st.stm32cube.ide.mcu.externaltools.gnu-tools-for-stm32.9-2020-q2-update.win32_1.5.0.202011040924/tools/bin/../lib/gcc/arm-none-eabi/9.3.1/../../../../arm-none-eabi/lib/thumb/v7e-m+fp/hard\libc_nano.a(lib_a-puts.o)
                0x000000000800aa98                puts
 .text.__swbuf_r
                0x000000000800aaa8       0xa4 c:/st/stm32cubeide_1.6.0/stm32cubeide/plugins/com.st.stm32cube.ide.mcu.externaltools.gnu-tools-for-stm32.9-2020-q2-update.win32_1.5.0.202011040924/tools/bin/../lib/gcc/arm-none-eabi/9.3.1/../../../../arm-none-eabi/lib/thumb/v7e-m+fp/hard\libc_nano.a(lib_a-wbuf.o)
                0x000000000800aaa8                __swbuf_r
 .text.__swsetup_r
                0x000000000800ab4c       0xdc c:/st/stm32cubeide_1.6.0/stm32cubeide/plugins/com.st.stm32cube.ide.mcu.externaltools.gnu-tools-for-stm32.9-2020-q2-update.win32_1.5.0.202011040924/tools/bin/../lib/gcc/arm-none-eabi/9.3.1/../../../../arm-none-eabi/lib/thumb/v7e-m+fp/hard\libc_nano.a(lib_a-wsetup.o)
                0x000000000800ab4c                __swsetup_r
 .text.__sflush_r
                0x000000000800ac28      0x10c c:/st/stm32cubeide_1.6.0/stm32cubeide/plugins/com.st.stm32cube.ide.mcu.externaltools.gnu-tools-for-stm32.9-2020-q2-update.win32_1.5.0.202011040924/tools/bin/../lib/gcc/arm-none-eabi/9.3.1/../../../../arm-none-eabi/lib/thumb/v7e-m+fp/hard\libc_nano.a(lib_a-fflush.o)
                0x000000000800ac28                __sflush_r
 .text._fflush_r
                0x000000000800ad34       0x78 c:/st/stm32cubeide_1.6.0/stm32cubeide/plugins/com.st.stm32cube.ide.mcu.externaltools.gnu-tools-for-stm32.9-2020-q2-update.win32_1.5.0.202011040924/tools/bin/../lib/gcc/arm-none-eabi/9.3.1/../../../../arm-none-eabi/lib/thumb/v7e-m+fp/hard\libc_nano.a(lib_a-fflush.o)
                0x000000000800ad34                _fflush_r
 .text.std      0x000000000800adac       0x48 c:/st/stm32cubeide_1.6.0/stm32cubeide/plugins/com.st.stm32cube.ide.mcu.externaltools.gnu-tools-for-stm32.9-2020-q2-update.win32_1.5.0.202011040924/tools/bin/../lib/gcc/arm-none-eabi/9.3.1/../../../../arm-none-eabi/lib/thumb/v7e-m+fp/hard\libc_nano.a(lib_a-findfp.o)
 .text._cleanup_r
                0x000000000800adf4        0xc c:/st/stm32cubeide_1.6.0/stm32cubeide/plugins/com.st.stm32cube.ide.mcu.externaltools.gnu-tools-for-stm32.9-2020-q2-update.win32_1.5.0.202011040924/tools/bin/../lib/gcc/arm-none-eabi/9.3.1/../../../../arm-none-eabi/lib/thumb/v7e-m+fp/hard\libc_nano.a(lib_a-findfp.o)
                0x000000000800adf4                _cleanup_r
 .text.__sfmoreglue
                0x000000000800ae00       0x2c c:/st/stm32cubeide_1.6.0/stm32cubeide/plugins/com.st.stm32cube.ide.mcu.externaltools.gnu-tools-for-stm32.9-2020-q2-update.win32_1.5.0.202011040924/tools/bin/../lib/gcc/arm-none-eabi/9.3.1/../../../../arm-none-eabi/lib/thumb/v7e-m+fp/hard\libc_nano.a(lib_a-findfp.o)
                0x000000000800ae00                __sfmoreglue
 .text.__sfp_lock_acquire
                0x000000000800ae2c        0xc c:/st/stm32cubeide_1.6.0/stm32cubeide/plugins/com.st.stm32cube.ide.mcu.externaltools.gnu-tools-for-stm32.9-2020-q2-update.win32_1.5.0.202011040924/tools/bin/../lib/gcc/arm-none-eabi/9.3.1/../../../../arm-none-eabi/lib/thumb/v7e-m+fp/hard\libc_nano.a(lib_a-findfp.o)
                0x000000000800ae2c                __sfp_lock_acquire
 .text.__sfp_lock_release
                0x000000000800ae38        0xc c:/st/stm32cubeide_1.6.0/stm32cubeide/plugins/com.st.stm32cube.ide.mcu.externaltools.gnu-tools-for-stm32.9-2020-q2-update.win32_1.5.0.202011040924/tools/bin/../lib/gcc/arm-none-eabi/9.3.1/../../../../arm-none-eabi/lib/thumb/v7e-m+fp/hard\libc_nano.a(lib_a-findfp.o)
                0x000000000800ae38                __sfp_lock_release
 .text.__sinit_lock_acquire
                0x000000000800ae44        0xc c:/st/stm32cubeide_1.6.0/stm32cubeide/plugins/com.st.stm32cube.ide.mcu.externaltools.gnu-tools-for-stm32.9-2020-q2-update.win32_1.5.0.202011040924/tools/bin/../lib/gcc/arm-none-eabi/9.3.1/../../../../arm-none-eabi/lib/thumb/v7e-m+fp/hard\libc_nano.a(lib_a-findfp.o)
                0x000000000800ae44                __sinit_lock_acquire
 .text.__sinit_lock_release
                0x000000000800ae50        0xc c:/st/stm32cubeide_1.6.0/stm32cubeide/plugins/com.st.stm32cube.ide.mcu.externaltools.gnu-tools-for-stm32.9-2020-q2-update.win32_1.5.0.202011040924/tools/bin/../lib/gcc/arm-none-eabi/9.3.1/../../../../arm-none-eabi/lib/thumb/v7e-m+fp/hard\libc_nano.a(lib_a-findfp.o)
                0x000000000800ae50                __sinit_lock_release
 .text.__sinit  0x000000000800ae5c       0x70 c:/st/stm32cubeide_1.6.0/stm32cubeide/plugins/com.st.stm32cube.ide.mcu.externaltools.gnu-tools-for-stm32.9-2020-q2-update.win32_1.5.0.202011040924/tools/bin/../lib/gcc/arm-none-eabi/9.3.1/../../../../arm-none-eabi/lib/thumb/v7e-m+fp/hard\libc_nano.a(lib_a-findfp.o)
                0x000000000800ae5c                __sinit
 .text.__sfp    0x000000000800aecc       0x8c c:/st/stm32cubeide_1.6.0/stm32cubeide/plugins/com.st.stm32cube.ide.mcu.externaltools.gnu-tools-for-stm32.9-2020-q2-update.win32_1.5.0.202011040924/tools/bin/../lib/gcc/arm-none-eabi/9.3.1/../../../../arm-none-eabi/lib/thumb/v7e-m+fp/hard\libc_nano.a(lib_a-findfp.o)
                0x000000000800aecc                __sfp
 .text._fwalk_reent
                0x000000000800af58       0x3e c:/st/stm32cubeide_1.6.0/stm32cubeide/plugins/com.st.stm32cube.ide.mcu.externaltools.gnu-tools-for-stm32.9-2020-q2-update.win32_1.5.0.202011040924/tools/bin/../lib/gcc/arm-none-eabi/9.3.1/../../../../arm-none-eabi/lib/thumb/v7e-m+fp/hard\libc_nano.a(lib_a-fwalk.o)
                0x000000000800af58                _fwalk_reent
 .text.__retarget_lock_init_recursive
                0x000000000800af96        0x2 c:/st/stm32cubeide_1.6.0/stm32cubeide/plugins/com.st.stm32cube.ide.mcu.externaltools.gnu-tools-for-stm32.9-2020-q2-update.win32_1.5.0.202011040924/tools/bin/../lib/gcc/arm-none-eabi/9.3.1/../../../../arm-none-eabi/lib/thumb/v7e-m+fp/hard\libc_nano.a(lib_a-lock.o)
                0x000000000800af96                __retarget_lock_init_recursive
 .text.__retarget_lock_acquire_recursive
                0x000000000800af98        0x2 c:/st/stm32cubeide_1.6.0/stm32cubeide/plugins/com.st.stm32cube.ide.mcu.externaltools.gnu-tools-for-stm32.9-2020-q2-update.win32_1.5.0.202011040924/tools/bin/../lib/gcc/arm-none-eabi/9.3.1/../../../../arm-none-eabi/lib/thumb/v7e-m+fp/hard\libc_nano.a(lib_a-lock.o)
                0x000000000800af98                __retarget_lock_acquire_recursive
 .text.__retarget_lock_release_recursive
                0x000000000800af9a        0x2 c:/st/stm32cubeide_1.6.0/stm32cubeide/plugins/com.st.stm32cube.ide.mcu.externaltools.gnu-tools-for-stm32.9-2020-q2-update.win32_1.5.0.202011040924/tools/bin/../lib/gcc/arm-none-eabi/9.3.1/../../../../arm-none-eabi/lib/thumb/v7e-m+fp/hard\libc_nano.a(lib_a-lock.o)
                0x000000000800af9a                __retarget_lock_release_recursive
 .text.__swhatbuf_r
                0x000000000800af9c       0x48 c:/st/stm32cubeide_1.6.0/stm32cubeide/plugins/com.st.stm32cube.ide.mcu.externaltools.gnu-tools-for-stm32.9-2020-q2-update.win32_1.5.0.202011040924/tools/bin/../lib/gcc/arm-none-eabi/9.3.1/../../../../arm-none-eabi/lib/thumb/v7e-m+fp/hard\libc_nano.a(lib_a-makebuf.o)
                0x000000000800af9c                __swhatbuf_r
 .text.__smakebuf_r
                0x000000000800afe4       0x80 c:/st/stm32cubeide_1.6.0/stm32cubeide/plugins/com.st.stm32cube.ide.mcu.externaltools.gnu-tools-for-stm32.9-2020-q2-update.win32_1.5.0.202011040924/tools/bin/../lib/gcc/arm-none-eabi/9.3.1/../../../../arm-none-eabi/lib/thumb/v7e-m+fp/hard\libc_nano.a(lib_a-makebuf.o)
                0x000000000800afe4                __smakebuf_r
 .text._free_r  0x000000000800b064       0xa0 c:/st/stm32cubeide_1.6.0/stm32cubeide/plugins/com.st.stm32cube.ide.mcu.externaltools.gnu-tools-for-stm32.9-2020-q2-update.win32_1.5.0.202011040924/tools/bin/../lib/gcc/arm-none-eabi/9.3.1/../../../../arm-none-eabi/lib/thumb/v7e-m+fp/hard\libc_nano.a(lib_a-nano-freer.o)
                0x000000000800b064                _free_r
 .text._malloc_r
                0x000000000800b104       0xb4 c:/st/stm32cubeide_1.6.0/stm32cubeide/plugins/com.st.stm32cube.ide.mcu.externaltools.gnu-tools-for-stm32.9-2020-q2-update.win32_1.5.0.202011040924/tools/bin/../lib/gcc/arm-none-eabi/9.3.1/../../../../arm-none-eabi/lib/thumb/v7e-m+fp/hard\libc_nano.a(lib_a-nano-mallocr.o)
                0x000000000800b104                _malloc_r
 .text.__sfputc_r
                0x000000000800b1b8       0x2e c:/st/stm32cubeide_1.6.0/stm32cubeide/plugins/com.st.stm32cube.ide.mcu.externaltools.gnu-tools-for-stm32.9-2020-q2-update.win32_1.5.0.202011040924/tools/bin/../lib/gcc/arm-none-eabi/9.3.1/../../../../arm-none-eabi/lib/thumb/v7e-m+fp/hard\libc_nano.a(lib_a-nano-vfprintf.o)
 .text.__sfputs_r
                0x000000000800b1e6       0x24 c:/st/stm32cubeide_1.6.0/stm32cubeide/plugins/com.st.stm32cube.ide.mcu.externaltools.gnu-tools-for-stm32.9-2020-q2-update.win32_1.5.0.202011040924/tools/bin/../lib/gcc/arm-none-eabi/9.3.1/../../../../arm-none-eabi/lib/thumb/v7e-m+fp/hard\libc_nano.a(lib_a-nano-vfprintf.o)
                0x000000000800b1e6                __sfputs_r
 *fill*         0x000000000800b20a        0x2 
 .text._vfprintf_r
                0x000000000800b20c      0x260 c:/st/stm32cubeide_1.6.0/stm32cubeide/plugins/com.st.stm32cube.ide.mcu.externaltools.gnu-tools-for-stm32.9-2020-q2-update.win32_1.5.0.202011040924/tools/bin/../lib/gcc/arm-none-eabi/9.3.1/../../../../arm-none-eabi/lib/thumb/v7e-m+fp/hard\libc_nano.a(lib_a-nano-vfprintf.o)
                0x000000000800b20c                _vfprintf_r
                0x000000000800b20c                _vfiprintf_r
 .text._printf_common
                0x000000000800b46c       0xda c:/st/stm32cubeide_1.6.0/stm32cubeide/plugins/com.st.stm32cube.ide.mcu.externaltools.gnu-tools-for-stm32.9-2020-q2-update.win32_1.5.0.202011040924/tools/bin/../lib/gcc/arm-none-eabi/9.3.1/../../../../arm-none-eabi/lib/thumb/v7e-m+fp/hard\libc_nano.a(lib_a-nano-vfprintf_i.o)
                0x000000000800b46c                _printf_common
 *fill*         0x000000000800b546        0x2 
 .text._printf_i
                0x000000000800b548      0x24c c:/st/stm32cubeide_1.6.0/stm32cubeide/plugins/com.st.stm32cube.ide.mcu.externaltools.gnu-tools-for-stm32.9-2020-q2-update.win32_1.5.0.202011040924/tools/bin/../lib/gcc/arm-none-eabi/9.3.1/../../../../arm-none-eabi/lib/thumb/v7e-m+fp/hard\libc_nano.a(lib_a-nano-vfprintf_i.o)
                0x000000000800b548                _printf_i
 .text._sbrk_r  0x000000000800b794       0x20 c:/st/stm32cubeide_1.6.0/stm32cubeide/plugins/com.st.stm32cube.ide.mcu.externaltools.gnu-tools-for-stm32.9-2020-q2-update.win32_1.5.0.202011040924/tools/bin/../lib/gcc/arm-none-eabi/9.3.1/../../../../arm-none-eabi/lib/thumb/v7e-m+fp/hard\libc_nano.a(lib_a-sbrkr.o)
                0x000000000800b794                _sbrk_r